Archive member included to satisfy reference by file (symbol)

D:/programs/STM32CubeIDE/STM32CubeIDE/plugins/com.st.stm32cube.ide.mcu.externaltools.gnu-tools-for-stm32.12.3.rel1.win32_1.0.100.202403111256/tools/bin/../lib/gcc/arm-none-eabi/12.3.1/../../../../arm-none-eabi/lib/thumb/v7e-m+dp/hard\libc_nano.a(libc_a-exit.o)
                              D:/programs/STM32CubeIDE/STM32CubeIDE/plugins/com.st.stm32cube.ide.mcu.externaltools.gnu-tools-for-stm32.12.3.rel1.win32_1.0.100.202403111256/tools/bin/../lib/gcc/arm-none-eabi/12.3.1/../../../../arm-none-eabi/lib/thumb/v7e-m+dp/hard/crt0.o (exit)
D:/programs/STM32CubeIDE/STM32CubeIDE/plugins/com.st.stm32cube.ide.mcu.externaltools.gnu-tools-for-stm32.12.3.rel1.win32_1.0.100.202403111256/tools/bin/../lib/gcc/arm-none-eabi/12.3.1/../../../../arm-none-eabi/lib/thumb/v7e-m+dp/hard\libc_nano.a(libc_a-findfp.o)
                              ./Middlewares/Third_Party/FreeRTOS/Source/tasks.o (__sf)
D:/programs/STM32CubeIDE/STM32CubeIDE/plugins/com.st.stm32cube.ide.mcu.externaltools.gnu-tools-for-stm32.12.3.rel1.win32_1.0.100.202403111256/tools/bin/../lib/gcc/arm-none-eabi/12.3.1/../../../../arm-none-eabi/lib/thumb/v7e-m+dp/hard\libc_nano.a(libc_a-fwalk.o)
                              D:/programs/STM32CubeIDE/STM32CubeIDE/plugins/com.st.stm32cube.ide.mcu.externaltools.gnu-tools-for-stm32.12.3.rel1.win32_1.0.100.202403111256/tools/bin/../lib/gcc/arm-none-eabi/12.3.1/../../../../arm-none-eabi/lib/thumb/v7e-m+dp/hard\libc_nano.a(libc_a-findfp.o) (_fwalk_sglue)
D:/programs/STM32CubeIDE/STM32CubeIDE/plugins/com.st.stm32cube.ide.mcu.externaltools.gnu-tools-for-stm32.12.3.rel1.win32_1.0.100.202403111256/tools/bin/../lib/gcc/arm-none-eabi/12.3.1/../../../../arm-none-eabi/lib/thumb/v7e-m+dp/hard\libc_nano.a(libc_a-stdio.o)
                              D:/programs/STM32CubeIDE/STM32CubeIDE/plugins/com.st.stm32cube.ide.mcu.externaltools.gnu-tools-for-stm32.12.3.rel1.win32_1.0.100.202403111256/tools/bin/../lib/gcc/arm-none-eabi/12.3.1/../../../../arm-none-eabi/lib/thumb/v7e-m+dp/hard\libc_nano.a(libc_a-findfp.o) (__sread)
D:/programs/STM32CubeIDE/STM32CubeIDE/plugins/com.st.stm32cube.ide.mcu.externaltools.gnu-tools-for-stm32.12.3.rel1.win32_1.0.100.202403111256/tools/bin/../lib/gcc/arm-none-eabi/12.3.1/../../../../arm-none-eabi/lib/thumb/v7e-m+dp/hard\libc_nano.a(libc_a-memset.o)
                              D:/programs/STM32CubeIDE/STM32CubeIDE/plugins/com.st.stm32cube.ide.mcu.externaltools.gnu-tools-for-stm32.12.3.rel1.win32_1.0.100.202403111256/tools/bin/../lib/gcc/arm-none-eabi/12.3.1/../../../../arm-none-eabi/lib/thumb/v7e-m+dp/hard/crt0.o (memset)
D:/programs/STM32CubeIDE/STM32CubeIDE/plugins/com.st.stm32cube.ide.mcu.externaltools.gnu-tools-for-stm32.12.3.rel1.win32_1.0.100.202403111256/tools/bin/../lib/gcc/arm-none-eabi/12.3.1/../../../../arm-none-eabi/lib/thumb/v7e-m+dp/hard\libc_nano.a(libc_a-closer.o)
                              D:/programs/STM32CubeIDE/STM32CubeIDE/plugins/com.st.stm32cube.ide.mcu.externaltools.gnu-tools-for-stm32.12.3.rel1.win32_1.0.100.202403111256/tools/bin/../lib/gcc/arm-none-eabi/12.3.1/../../../../arm-none-eabi/lib/thumb/v7e-m+dp/hard\libc_nano.a(libc_a-stdio.o) (_close_r)
D:/programs/STM32CubeIDE/STM32CubeIDE/plugins/com.st.stm32cube.ide.mcu.externaltools.gnu-tools-for-stm32.12.3.rel1.win32_1.0.100.202403111256/tools/bin/../lib/gcc/arm-none-eabi/12.3.1/../../../../arm-none-eabi/lib/thumb/v7e-m+dp/hard\libc_nano.a(libc_a-reent.o)
                              ./Middlewares/Third_Party/FreeRTOS/Source/tasks.o (_reclaim_reent)
D:/programs/STM32CubeIDE/STM32CubeIDE/plugins/com.st.stm32cube.ide.mcu.externaltools.gnu-tools-for-stm32.12.3.rel1.win32_1.0.100.202403111256/tools/bin/../lib/gcc/arm-none-eabi/12.3.1/../../../../arm-none-eabi/lib/thumb/v7e-m+dp/hard\libc_nano.a(libc_a-impure.o)
                              ./Middlewares/Third_Party/FreeRTOS/Source/tasks.o (_impure_ptr)
D:/programs/STM32CubeIDE/STM32CubeIDE/plugins/com.st.stm32cube.ide.mcu.externaltools.gnu-tools-for-stm32.12.3.rel1.win32_1.0.100.202403111256/tools/bin/../lib/gcc/arm-none-eabi/12.3.1/../../../../arm-none-eabi/lib/thumb/v7e-m+dp/hard\libc_nano.a(libc_a-lseekr.o)
                              D:/programs/STM32CubeIDE/STM32CubeIDE/plugins/com.st.stm32cube.ide.mcu.externaltools.gnu-tools-for-stm32.12.3.rel1.win32_1.0.100.202403111256/tools/bin/../lib/gcc/arm-none-eabi/12.3.1/../../../../arm-none-eabi/lib/thumb/v7e-m+dp/hard\libc_nano.a(libc_a-stdio.o) (_lseek_r)
D:/programs/STM32CubeIDE/STM32CubeIDE/plugins/com.st.stm32cube.ide.mcu.externaltools.gnu-tools-for-stm32.12.3.rel1.win32_1.0.100.202403111256/tools/bin/../lib/gcc/arm-none-eabi/12.3.1/../../../../arm-none-eabi/lib/thumb/v7e-m+dp/hard\libc_nano.a(libc_a-readr.o)
[...]
Memory Configuration

Name             Origin             Length             Attributes
ITCMRAM          0x00000000         0x00010000         xrw
DTCMRAM          0x20000000         0x00020000         xrw
FLASH            0x08000000         0x00100000         xr
RAM_D1           0x24000000         0x00050000         xrw
RAM_D2           0x30000000         0x00008000         xrw
RAM_D3           0x38000000         0x00004000         xrw
*default*        0x00000000         0xffffffff

Linker script and memory map

LOAD D:/programs/STM32CubeIDE/STM32CubeIDE/plugins/com.st.stm32cube.ide.mcu.externaltools.gnu-tools-for-stm32.12.3.rel1.win32_1.0.100.202403111256/tools/bin/../lib/gcc/arm-none-eabi/12.3.1/thumb/v7e-m+dp/hard/crti.o
LOAD D:/programs/STM32CubeIDE/STM32CubeIDE/plugins/com.st.stm32cube.ide.mcu.externaltools.gnu-tools-for-stm32.12.3.rel1.win32_1.0.100.202403111256/tools/bin/../lib/gcc/arm-none-eabi/12.3.1/thumb/v7e-m+dp/hard/crtbegin.o
LOAD D:/programs/STM32CubeIDE/STM32CubeIDE/plugins/com.st.stm32cube.ide.mcu.externaltools.gnu-tools-for-stm32.12.3.rel1.win32_1.0.100.202403111256/tools/bin/../lib/gcc/arm-none-eabi/12.3.1/../../../../arm-none-eabi/lib/thumb/v7e-m+dp/hard/crt0.o
LOAD ./Core/Src/bridge.o
LOAD ./Core/Src/freertos.o
LOAD ./Core/Src/main.o
LOAD ./Core/Src/stm32h7xx_hal_msp.o
LOAD ./Core/Src/stm32h7xx_hal_timebase_tim.o
LOAD ./Core/Src/stm32h7xx_it.o
LOAD ./Core/Src/syscalls.o
LOAD ./Core/Src/sysmem.o
LOAD ./Core/Src/system_stm32h7xx.o
LOAD ./Core/Startup/startup_stm32h735vgtx.o
LOAD ./Drivers/STM32H7xx_HAL_Driver/Src/stm32h7xx_hal.o
LOAD ./Drivers/STM32H7xx_HAL_Driver/Src/stm32h7xx_hal_cortex.o
LOAD ./Drivers/STM32H7xx_HAL_Driver/Src/stm32h7xx_hal_dma.o
LOAD ./Drivers/STM32H7xx_HAL_Driver/Src/stm32h7xx_hal_dma_ex.o
LOAD ./Drivers/STM32H7xx_HAL_Driver/Src/stm32h7xx_hal_exti.o
LOAD ./Drivers/STM32H7xx_HAL_Driver/Src/stm32h7xx_hal_flash.o
LOAD ./Drivers/STM32H7xx_HAL_Driver/Src/stm32h7xx_hal_flash_ex.o
LOAD ./Drivers/STM32H7xx_HAL_Driver/Src/stm32h7xx_hal_gpio.o
LOAD ./Drivers/STM32H7xx_HAL_Driver/Src/stm32h7xx_hal_hsem.o
LOAD ./Drivers/STM32H7xx_HAL_Driver/Src/stm32h7xx_hal_i2c.o
LOAD ./Drivers/STM32H7xx_HAL_Driver/Src/stm32h7xx_hal_i2c_ex.o
LOAD ./Drivers/STM32H7xx_HAL_Driver/Src/stm32h7xx_hal_mdma.o
LOAD ./Drivers/STM32H7xx_HAL_Driver/Src/stm32h7xx_hal_pwr.o
LOAD ./Drivers/STM32H7xx_HAL_Driver/Src/stm32h7xx_hal_pwr_ex.o
LOAD ./Drivers/STM32H7xx_HAL_Driver/Src/stm32h7xx_hal_rcc.o
LOAD ./Drivers/STM32H7xx_HAL_Driver/Src/stm32h7xx_hal_rcc_ex.o
LOAD ./Drivers/STM32H7xx_HAL_Driver/Src/stm32h7xx_hal_spi.o
LOAD ./Drivers/STM32H7xx_HAL_Driver/Src/stm32h7xx_hal_spi_ex.o
LOAD ./Drivers/STM32H7xx_HAL_Driver/Src/stm32h7xx_hal_tim.o
LOAD ./Drivers/STM32H7xx_HAL_Driver/Src/stm32h7xx_hal_tim_ex.o
LOAD ./Drivers/STM32H7xx_HAL_Driver/Src/stm32h7xx_hal_uart.o
LOAD ./Drivers/STM32H7xx_HAL_Driver/Src/stm32h7xx_hal_uart_ex.o
LOAD ./Middlewares/Third_Party/FreeRTOS/Source/CMSIS_RTOS_V2/cmsis_os2.o
LOAD ./Middlewares/Third_Party/FreeRTOS/Source/croutine.o
LOAD ./Middlewares/Third_Party/FreeRTOS/Source/event_groups.o
LOAD ./Middlewares/Third_Party/FreeRTOS/Source/list.o
LOAD ./Middlewares/Third_Party/FreeRTOS/Source/queue.o
LOAD ./Middlewares/Third_Party/FreeRTOS/Source/stream_buffer.o
LOAD ./Middlewares/Third_Party/FreeRTOS/Source/tasks.o
LOAD ./Middlewares/Third_Party/FreeRTOS/Source/timers.o
LOAD ./Middlewares/Third_Party/FreeRTOS/Source/portable/GCC/ARM_CM4F/port.o
LOAD ./Middlewares/Third_Party/FreeRTOS/Source/portable/MemMang/heap_4.o
START GROUP
LOAD D:/programs/STM32CubeIDE/STM32CubeIDE/plugins/com.st.stm32cube.ide.mcu.externaltools.gnu-tools-for-stm32.12.3.rel1.win32_1.0.100.202403111256/tools/bin/../lib/gcc/arm-none-eabi/12.3.1/../../../../arm-none-eabi/lib/thumb/v7e-m+dp/hard\libc_nano.a
LOAD D:/programs/STM32CubeIDE/STM32CubeIDE/plugins/com.st.stm32cube.ide.mcu.externaltools.gnu-tools-for-stm32.12.3.rel1.win32_1.0.100.202403111256/tools/bin/../lib/gcc/arm-none-eabi/12.3.1/../../../../arm-none-eabi/lib/thumb/v7e-m+dp/hard\libm.a
END GROUP
START GROUP
LOAD D:/programs/STM32CubeIDE/STM32CubeIDE/plugins/com.st.stm32cube.ide.mcu.externaltools.gnu-tools-for-stm32.12.3.rel1.win32_1.0.100.202403111256/tools/bin/../lib/gcc/arm-none-eabi/12.3.1/thumb/v7e-m+dp/hard\libgcc.a
LOAD D:/programs/STM32CubeIDE/STM32CubeIDE/plugins/com.st.stm32cube.ide.mcu.externaltools.gnu-tools-for-stm32.12.3.rel1.win32_1.0.100.202403111256/tools/bin/../lib/gcc/arm-none-eabi/12.3.1/../../../../arm-none-eabi/lib/thumb/v7e-m+dp/hard\libc_nano.a
END GROUP
START GROUP
LOAD D:/programs/STM32CubeIDE/STM32CubeIDE/plugins/com.st.stm32cube.ide.mcu.externaltools.gnu-tools-for-stm32.12.3.rel1.win32_1.0.100.202403111256/tools/bin/../lib/gcc/arm-none-eabi/12.3.1/thumb/v7e-m+dp/hard\libgcc.a
LOAD D:/programs/STM32CubeIDE/STM32CubeIDE/plugins/com.st.stm32cube.ide.mcu.externaltools.gnu-tools-for-stm32.12.3.rel1.win32_1.0.100.202403111256/tools/bin/../lib/gcc/arm-none-eabi/12.3.1/../../../../arm-none-eabi/lib/thumb/v7e-m+dp/hard\libc_nano.a
LOAD D:/programs/STM32CubeIDE/STM32CubeIDE/plugins/com.st.stm32cube.ide.mcu.externaltools.gnu-tools-for-stm32.12.3.rel1.win32_1.0.100.202403111256/tools/bin/../lib/gcc/arm-none-eabi/12.3.1/../../../../arm-none-eabi/lib/thumb/v7e-m+dp/hard\libnosys.a
END GROUP
START GROUP
LOAD D:/programs/STM32CubeIDE/STM32CubeIDE/plugins/com.st.stm32cube.ide.mcu.externaltools.gnu-tools-for-stm32.12.3.rel1.win32_1.0.100.202403111256/tools/bin/../lib/gcc/arm-none-eabi/12.3.1/thumb/v7e-m+dp/hard\libgcc.a
LOAD D:/programs/STM32CubeIDE/STM32CubeIDE/plugins/com.st.stm32cube.ide.mcu.externaltools.gnu-tools-for-stm32.12.3.rel1.win32_1.0.100.202403111256/tools/bin/../lib/gcc/arm-none-eabi/12.3.1/../../../../arm-none-eabi/lib/thumb/v7e-m+dp/hard\libc_nano.a
LOAD D:/programs/STM32CubeIDE/STM32CubeIDE/plugins/com.st.stm32cube.ide.mcu.externaltools.gnu-tools-for-stm32.12.3.rel1.win32_1.0.100.202403111256/tools/bin/../lib/gcc/arm-none-eabi/12.3.1/../../../../arm-none-eabi/lib/thumb/v7e-m+dp/hard\libnosys.a
END GROUP
LOAD D:/programs/STM32CubeIDE/STM32CubeIDE/plugins/com.st.stm32cube.ide.mcu.externaltools.gnu-tools-for-stm32.12.3.rel1.win32_1.0.100.202403111256/tools/bin/../lib/gcc/arm-none-eabi/12.3.1/thumb/v7e-m+dp/hard/crtend.o
LOAD D:/programs/STM32CubeIDE/STM32CubeIDE/plugins/com.st.stm32cube.ide.mcu.externaltools.gnu-tools-for-stm32.12.3.rel1.win32_1.0.100.202403111256/tools/bin/../lib/gcc/arm-none-eabi/12.3.1/thumb/v7e-m+dp/hard/crtn.o
                0x24050000                        _estack = (ORIGIN (RAM_D1) + LENGTH (RAM_D1))
                0x00000200                        _Min_Heap_Size = 0x200
                0x00000400                        _Min_Stack_Size = 0x400

.isr_vector     0x08000000      0x2cc
                0x08000000                        . = ALIGN (0x4)
 *(.isr_vector)
 .isr_vector    0x08000000      0x2cc ./Core/Startup/startup_stm32h735vgtx.o
                0x08000000                g_pfnVectors
                0x080002cc                        . = ALIGN (0x4)

.text           0x080002d0     0xd7d0
                0x080002d0                        . = ALIGN (0x4)
 *(.text)
 .text          0x080002d0       0x40 D:/programs/STM32CubeIDE/STM32CubeIDE/plugins/com.st.stm32cube.ide.mcu.externaltools.gnu-tools-for-stm32.12.3.rel1.win32_1.0.100.202403111256/tools/bin/../lib/gcc/arm-none-eabi/12.3.1/thumb/v7e-m+dp/hard/crtbegin.o
 .text          0x08000310       0x30 D:/programs/STM32CubeIDE/STM32CubeIDE/plugins/com.st.stm32cube.ide.mcu.externaltools.gnu-tools-for-stm32.12.3.rel1.win32_1.0.100.202403111256/tools/bin/../lib/gcc/arm-none-eabi/12.3.1/thumb/v7e-m+dp/hard\libgcc.a(_aeabi_uldivmod.o)
                0x08000310                __aeabi_uldivmod
 .text          0x08000340      0x2bc D:/programs/STM32CubeIDE/STM32CubeIDE/plugins/com.st.stm32cube.ide.mcu.externaltools.gnu-tools-for-stm32.12.3.rel1.win32_1.0.100.202403111256/tools/bin/../lib/gcc/arm-none-eabi/12.3.1/thumb/v7e-m+dp/hard\libgcc.a(_udivmoddi4.o)
                0x08000340                __udivmoddi4
 .text          0x080005fc        0x4 D:/programs/STM32CubeIDE/STM32CubeIDE/plugins/com.st.stm32cube.ide.mcu.externaltools.gnu-tools-for-stm32.12.3.rel1.win32_1.0.100.202403111256/tools/bin/../lib/gcc/arm-none-eabi/12.3.1/thumb/v7e-m+dp/hard\libgcc.a(_dvmd_tls.o)
                0x080005fc                __aeabi_idiv0
                0x080005fc                __aeabi_ldiv0
 *(.text*)
 .text.bridge_enable
                0x08000600       0xe4 ./Core/Src/bridge.o
                0x08000600                bridge_enable
 .text.SpiTxRxTask
                0x080006e4       0xe8 ./Core/Src/bridge.o
                0x080006e4                SpiTxRxTask
 .text.UsartTxRxTask
                0x080007cc       0xec ./Core/Src/bridge.o
                0x080007cc                UsartTxRxTask
 .text.HAL_SPI_TxCpltCallback
                0x080008b8       0x2c ./Core/Src/bridge.o
                0x080008b8                HAL_SPI_TxCpltCallback
 .text.HAL_SPI_RxCpltCallback
                0x080008e4       0x5c ./Core/Src/bridge.o
                0x080008e4                HAL_SPI_RxCpltCallback
 .text.HAL_SPI_RxHalfCpltCallback
                0x08000940       0x5c ./Core/Src/bridge.o
                0x08000940                HAL_SPI_RxHalfCpltCallback
 .text.HAL_UART_TxCpltCallback
                0x0800099c       0x2c ./Core/Src/bridge.o
                0x0800099c                HAL_UART_TxCpltCallback
 .text.HAL_UART_RxCpltCallback
                0x080009c8       0x5c ./Core/Src/bridge.o
                0x080009c8                HAL_UART_RxCpltCallback
 .text.HAL_UART_RxHalfCpltCallback
                0x08000a24       0x5c ./Core/Src/bridge.o
                0x08000a24                HAL_UART_RxHalfCpltCallback
 .text.rxdBufferProcessing
                0x08000a80       0xbe ./Core/Src/bridge.o
 *fill*         0x08000b3e        0x2 
 .text.main     0x08000b40       0x50 ./Core/Src/main.o
                0x08000b40                main
 .text.SystemClock_Config
                0x08000b90       0xdc ./Core/Src/main.o
                0x08000b90                SystemClock_Config
 .text.PeriphCommonClock_Config
                0x08000c6c       0x62 ./Core/Src/main.o
                0x08000c6c                PeriphCommonClock_Config
 *fill*         0x08000cce        0x2 
 .text.MX_SPI1_Init
                0x08000cd0       0xac ./Core/Src/main.o
 .text.MX_USART1_UART_Init
                0x08000d7c       0x98 ./Core/Src/main.o
 .text.MX_DMA_Init
                0x08000e14       0x70 ./Core/Src/main.o
 .text.MX_GPIO_Init
                0x08000e84       0x70 ./Core/Src/main.o
 .text.StartDefaultTask
                0x08000ef4       0x10 ./Core/Src/main.o
                0x08000ef4                StartDefaultTask
 .text.MPU_Config
                0x08000f04       0x58 ./Core/Src/main.o
 .text.HAL_TIM_PeriodElapsedCallback
                0x08000f5c       0x24 ./Core/Src/main.o
                0x08000f5c                HAL_TIM_PeriodElapsedCallback
 .text.Error_Handler
                0x08000f80        0xc ./Core/Src/main.o
                0x08000f80                Error_Handler
 .text.HAL_MspInit
                0x08000f8c       0x3c ./Core/Src/stm32h7xx_hal_msp.o
                0x08000f8c                HAL_MspInit
 .text.HAL_SPI_MspInit
                0x08000fc8      0x16c ./Core/Src/stm32h7xx_hal_msp.o
                0x08000fc8                HAL_SPI_MspInit
 .text.HAL_UART_MspInit
                0x08001134      0x170 ./Core/Src/stm32h7xx_hal_msp.o
                0x08001134                HAL_UART_MspInit
 .text.HAL_InitTick
                0x080012a4       0xd8 ./Core/Src/stm32h7xx_hal_timebase_tim.o
                0x080012a4                HAL_InitTick
 .text.NMI_Handler
                0x0800137c        0x8 ./Core/Src/stm32h7xx_it.o
                0x0800137c                NMI_Handler
 .text.HardFault_Handler
                0x08001384        0x8 ./Core/Src/stm32h7xx_it.o
                0x08001384                HardFault_Handler
 .text.MemManage_Handler
                0x0800138c        0x8 ./Core/Src/stm32h7xx_it.o
                0x0800138c                MemManage_Handler
 .text.BusFault_Handler
                0x08001394        0x8 ./Core/Src/stm32h7xx_it.o
                0x08001394                BusFault_Handler
 .text.UsageFault_Handler
                0x0800139c        0x8 ./Core/Src/stm32h7xx_it.o
                0x0800139c                UsageFault_Handler
 .text.DebugMon_Handler
                0x080013a4        0xe ./Core/Src/stm32h7xx_it.o
                0x080013a4                DebugMon_Handler
 *fill*         0x080013b2        0x2 
 .text.DMA1_Stream0_IRQHandler
                0x080013b4       0x14 ./Core/Src/stm32h7xx_it.o
                0x080013b4                DMA1_Stream0_IRQHandler
 .text.DMA1_Stream1_IRQHandler
                0x080013c8       0x14 ./Core/Src/stm32h7xx_it.o
                0x080013c8                DMA1_Stream1_IRQHandler
 .text.DMA1_Stream2_IRQHandler
                0x080013dc       0x14 ./Core/Src/stm32h7xx_it.o
                0x080013dc                DMA1_Stream2_IRQHandler
 .text.DMA1_Stream3_IRQHandler
                0x080013f0       0x14 ./Core/Src/stm32h7xx_it.o
                0x080013f0                DMA1_Stream3_IRQHandler
 .text.SPI1_IRQHandler
                0x08001404       0x14 ./Core/Src/stm32h7xx_it.o
                0x08001404                SPI1_IRQHandler
 .text.USART1_IRQHandler
                0x08001418       0x14 ./Core/Src/stm32h7xx_it.o
                0x08001418                USART1_IRQHandler
 .text.TIM8_TRG_COM_TIM14_IRQHandler
                0x0800142c       0x14 ./Core/Src/stm32h7xx_it.o
                0x0800142c                TIM8_TRG_COM_TIM14_IRQHandler
 .text.SystemInit
                0x08001440       0xf0 ./Core/Src/system_stm32h7xx.o
                0x08001440                SystemInit
 .text.Reset_Handler
                0x08001530       0x50 ./Core/Startup/startup_stm32h735vgtx.o
                0x08001530                Reset_Handler
 .text.Default_Handler
                0x08001580        0x2 ./Core/Startup/startup_stm32h735vgtx.o
                0x08001580                RTC_Alarm_IRQHandler
                0x08001580                HASH_RNG_IRQHandler
                0x08001580                EXTI2_IRQHandler
                0x08001580                TIM8_CC_IRQHandler
                0x08001580                UART8_IRQHandler
                0x08001580                SPI4_IRQHandler
                0x08001580                FDCAN3_IT0_IRQHandler
                0x08001580                TIM1_CC_IRQHandler
                0x08001580                BDMA_Channel6_IRQHandler
                0x08001580                DMA2_Stream5_IRQHandler
                0x08001580                DMA1_Stream5_IRQHandler
                0x08001580                CORDIC_IRQHandler
                0x08001580                BDMA_Channel1_IRQHandler
                0x08001580                TAMP_STAMP_IRQHandler
                0x08001580                EXTI3_IRQHandler
                0x08001580                LPTIM4_IRQHandler
                0x08001580                LPTIM2_IRQHandler
                0x08001580                DFSDM1_FLT1_IRQHandler
                0x08001580                DMAMUX2_OVR_IRQHandler
                0x08001580                TIM8_UP_TIM13_IRQHandler
                0x08001580                I2C3_ER_IRQHandler
                0x08001580                DFSDM1_FLT2_IRQHandler
                0x08001580                I2C5_EV_IRQHandler
                0x08001580                USART10_IRQHandler
                0x08001580                MDMA_IRQHandler
                0x08001580                LPTIM3_IRQHandler
                0x08001580                HSEM1_IRQHandler
                0x08001580                EXTI0_IRQHandler
                0x08001580                I2C2_EV_IRQHandler
                0x08001580                FPU_IRQHandler
                0x08001580                OTG_HS_WKUP_IRQHandler
                0x08001580                FDCAN1_IT1_IRQHandler
                0x08001580                LTDC_ER_IRQHandler
                0x08001580                DMA2_Stream2_IRQHandler
                0x08001580                OCTOSPI1_IRQHandler
                0x08001580                TIM6_DAC_IRQHandler
                0x08001580                DMA2_Stream3_IRQHandler
                0x08001580                OCTOSPI2_IRQHandler
                0x08001580                DFSDM1_FLT3_IRQHandler
                0x08001580                TIM23_IRQHandler
                0x08001580                USART6_IRQHandler
                0x08001580                TIM17_IRQHandler
                0x08001580                USART3_IRQHandler
                0x08001580                BDMA_Channel7_IRQHandler
                0x08001580                CRYP_IRQHandler
                0x08001580                LPTIM5_IRQHandler
                0x08001580                UART5_IRQHandler
                0x08001580                ADC3_IRQHandler
                0x08001580                DMA2_Stream0_IRQHandler
                0x08001580                TIM4_IRQHandler
                0x08001580                BDMA_Channel2_IRQHandler
                0x08001580                I2C1_EV_IRQHandler
                0x08001580                DMA1_Stream6_IRQHandler
                0x08001580                DMAMUX1_OVR_IRQHandler
                0x08001580                TIM16_IRQHandler
                0x08001580                UART4_IRQHandler
                0x08001580                BDMA_Channel5_IRQHandler
                0x08001580                TIM3_IRQHandler
                0x08001580                RCC_IRQHandler
                0x08001580                UART9_IRQHandler
                0x08001580                TIM8_BRK_TIM12_IRQHandler
                0x08001580                TIM1_TRG_COM_IRQHandler
                0x08001580                Default_Handler
                0x08001580                ECC_IRQHandler
                0x08001580                FMAC_IRQHandler
                0x08001580                CEC_IRQHandler
                0x08001580                EXTI15_10_IRQHandler
                0x08001580                BDMA_Channel0_IRQHandler
                0x08001580                ADC_IRQHandler
                0x08001580                I2C5_ER_IRQHandler
                0x08001580                OTFDEC1_IRQHandler
                0x08001580                DMA1_Stream7_IRQHandler
                0x08001580                SPI5_IRQHandler
                0x08001580                TIM7_IRQHandler
                0x08001580                FDCAN3_IT1_IRQHandler
                0x08001580                SDMMC1_IRQHandler
                0x08001580                TIM5_IRQHandler
                0x08001580                DMA2_Stream7_IRQHandler
                0x08001580                TIM15_IRQHandler
                0x08001580                PVD_AVD_IRQHandler
                0x08001580                I2C3_EV_IRQHandler
                0x08001580                EXTI9_5_IRQHandler
                0x08001580                RTC_WKUP_IRQHandler
                0x08001580                LTDC_IRQHandler
                0x08001580                ETH_WKUP_IRQHandler
                0x08001580                SPDIF_RX_IRQHandler
                0x08001580                SPI2_IRQHandler
                0x08001580                OTG_HS_EP1_IN_IRQHandler
                0x08001580                OTFDEC2_IRQHandler
                0x08001580                TIM24_IRQHandler
                0x08001580                CRS_IRQHandler
                0x08001580                EXTI4_IRQHandler
                0x08001580                FDCAN2_IT1_IRQHandler
                0x08001580                ETH_IRQHandler
                0x08001580                TIM1_UP_IRQHandler
                0x08001580                BDMA_Channel4_IRQHandler
                0x08001580                OTG_HS_EP1_OUT_IRQHandler
                0x08001580                WWDG_IRQHandler
                0x08001580                SPI6_IRQHandler
                0x08001580                MDIOS_IRQHandler
                0x08001580                I2C4_EV_IRQHandler
                0x08001580                FDCAN2_IT0_IRQHandler
                0x08001580                LPUART1_IRQHandler
                0x08001580                FDCAN1_IT0_IRQHandler
                0x08001580                TIM2_IRQHandler
                0x08001580                OTG_HS_IRQHandler
                0x08001580                DMA2D_IRQHandler
                0x08001580                TIM1_BRK_IRQHandler
                0x08001580                EXTI1_IRQHandler
                0x08001580                SDMMC2_IRQHandler
                0x08001580                BDMA_Channel3_IRQHandler
                0x08001580                DTS_IRQHandler
                0x08001580                UART7_IRQHandler
                0x08001580                MDIOS_WKUP_IRQHandler
                0x08001580                USART2_IRQHandler
                0x08001580                DFSDM1_FLT0_IRQHandler
                0x08001580                SAI4_IRQHandler
                0x08001580                I2C2_ER_IRQHandler
                0x08001580                DMA2_Stream1_IRQHandler
                0x08001580                FLASH_IRQHandler
                0x08001580                DMA2_Stream4_IRQHandler
                0x08001580                SPI3_IRQHandler
                0x08001580                WAKEUP_PIN_IRQHandler
                0x08001580                DMA1_Stream4_IRQHandler
                0x08001580                I2C1_ER_IRQHandler
                0x08001580                FMC_IRQHandler
                0x08001580                FDCAN_CAL_IRQHandler
                0x08001580                SWPMI1_IRQHandler
                0x08001580                COMP1_IRQHandler
                0x08001580                LPTIM1_IRQHandler
                0x08001580                DCMI_PSSI_IRQHandler
                0x08001580                I2C4_ER_IRQHandler
                0x08001580                DMA2_Stream6_IRQHandler
                0x08001580                SAI1_IRQHandler
 *fill*         0x08001582        0x2 
 .text.HAL_Init
                0x08001584       0x78 ./Drivers/STM32H7xx_HAL_Driver/Src/stm32h7xx_hal.o
                0x08001584                HAL_Init
 .text.HAL_IncTick
                0x080015fc       0x28 ./Drivers/STM32H7xx_HAL_Driver/Src/stm32h7xx_hal.o
                0x080015fc                HAL_IncTick
 .text.HAL_GetTick
                0x08001624       0x18 ./Drivers/STM32H7xx_HAL_Driver/Src/stm32h7xx_hal.o
                0x08001624                HAL_GetTick
 .text.__NVIC_SetPriorityGrouping
                0x0800163c       0x48 ./Drivers/STM32H7xx_HAL_Driver/Src/stm32h7xx_hal_cortex.o
 .text.__NVIC_GetPriorityGrouping
                0x08001684       0x1c ./Drivers/STM32H7xx_HAL_Driver/Src/stm32h7xx_hal_cortex.o
 .text.__NVIC_EnableIRQ
                0x080016a0       0x3c ./Drivers/STM32H7xx_HAL_Driver/Src/stm32h7xx_hal_cortex.o
 .text.__NVIC_SetPriority
                0x080016dc       0x54 ./Drivers/STM32H7xx_HAL_Driver/Src/stm32h7xx_hal_cortex.o
 .text.NVIC_EncodePriority
                0x08001730       0x66 ./Drivers/STM32H7xx_HAL_Driver/Src/stm32h7xx_hal_cortex.o
 .text.HAL_NVIC_SetPriorityGrouping
                0x08001796       0x16 ./Drivers/STM32H7xx_HAL_Driver/Src/stm32h7xx_hal_cortex.o
                0x08001796                HAL_NVIC_SetPriorityGrouping
 .text.HAL_NVIC_SetPriority
                0x080017ac       0x34 ./Drivers/STM32H7xx_HAL_Driver/Src/stm32h7xx_hal_cortex.o
                0x080017ac                HAL_NVIC_SetPriority
 .text.HAL_NVIC_EnableIRQ
                0x080017e0       0x1c ./Drivers/STM32H7xx_HAL_Driver/Src/stm32h7xx_hal_cortex.o
                0x080017e0                HAL_NVIC_EnableIRQ
 .text.HAL_MPU_Disable
                0x080017fc       0x30 ./Drivers/STM32H7xx_HAL_Driver/Src/stm32h7xx_hal_cortex.o
                0x080017fc                HAL_MPU_Disable
 .text.HAL_MPU_Enable
                0x0800182c       0x40 ./Drivers/STM32H7xx_HAL_Driver/Src/stm32h7xx_hal_cortex.o
                0x0800182c                HAL_MPU_Enable
 .text.HAL_MPU_ConfigRegion
                0x0800186c       0x80 ./Drivers/STM32H7xx_HAL_Driver/Src/stm32h7xx_hal_cortex.o
                0x0800186c                HAL_MPU_ConfigRegion
 .text.HAL_DMA_Init
                0x080018ec      0x6b0 ./Drivers/STM32H7xx_HAL_Driver/Src/stm32h7xx_hal_dma.o
                0x080018ec                HAL_DMA_Init
 .text.HAL_DMA_Start_IT
                0x08001f9c      0x4d4 ./Drivers/STM32H7xx_HAL_Driver/Src/stm32h7xx_hal_dma.o
                0x08001f9c                HAL_DMA_Start_IT
 .text.HAL_DMA_Abort
                0x08002470      0x63c ./Drivers/STM32H7xx_HAL_Driver/Src/stm32h7xx_hal_dma.o
                0x08002470                HAL_DMA_Abort
 .text.HAL_DMA_Abort_IT
                0x08002aac      0x48c ./Drivers/STM32H7xx_HAL_Driver/Src/stm32h7xx_hal_dma.o
                0x08002aac                HAL_DMA_Abort_IT
 .text.HAL_DMA_IRQHandler
                0x08002f38      0xe54 ./Drivers/STM32H7xx_HAL_Driver/Src/stm32h7xx_hal_dma.o
                0x08002f38                HAL_DMA_IRQHandler
 .text.HAL_DMA_GetError
                0x08003d8c       0x18 ./Drivers/STM32H7xx_HAL_Driver/Src/stm32h7xx_hal_dma.o
                0x08003d8c                HAL_DMA_GetError
 .text.DMA_SetConfig
                0x08003da4      0x358 ./Drivers/STM32H7xx_HAL_Driver/Src/stm32h7xx_hal_dma.o
 .text.DMA_CalcBaseAndBitshift
                0x080040fc      0x164 ./Drivers/STM32H7xx_HAL_Driver/Src/stm32h7xx_hal_dma.o
 .text.DMA_CheckFifoParam
                0x08004260       0xf8 ./Drivers/STM32H7xx_HAL_Driver/Src/stm32h7xx_hal_dma.o
 .text.DMA_CalcDMAMUXChannelBaseAndMask
                0x08004358      0x134 ./Drivers/STM32H7xx_HAL_Driver/Src/stm32h7xx_hal_dma.o
 .text.DMA_CalcDMAMUXRequestGenBaseAndMask
                0x0800448c       0xe8 ./Drivers/STM32H7xx_HAL_Driver/Src/stm32h7xx_hal_dma.o
 .text.HAL_GPIO_Init
                0x08004574      0x350 ./Drivers/STM32H7xx_HAL_Driver/Src/stm32h7xx_hal_gpio.o
                0x08004574                HAL_GPIO_Init
 .text.HAL_PWREx_ConfigSupply
                0x080048c4       0xb4 ./Drivers/STM32H7xx_HAL_Driver/Src/stm32h7xx_hal_pwr_ex.o
                0x080048c4                HAL_PWREx_ConfigSupply
 .text.HAL_RCC_OscConfig
                0x08004978      0x7b4 ./Drivers/STM32H7xx_HAL_Driver/Src/stm32h7xx_hal_rcc.o
                0x08004978                HAL_RCC_OscConfig
 .text.HAL_RCC_ClockConfig
                0x0800512c      0x36c ./Drivers/STM32H7xx_HAL_Driver/Src/stm32h7xx_hal_rcc.o
                0x0800512c                HAL_RCC_ClockConfig
 .text.HAL_RCC_GetSysClockFreq
                0x08005498      0x2f4 ./Drivers/STM32H7xx_HAL_Driver/Src/stm32h7xx_hal_rcc.o
                0x08005498                HAL_RCC_GetSysClockFreq
 .text.HAL_RCC_GetHCLKFreq
                0x0800578c       0x60 ./Drivers/STM32H7xx_HAL_Driver/Src/stm32h7xx_hal_rcc.o
                0x0800578c                HAL_RCC_GetHCLKFreq
 .text.HAL_RCC_GetPCLK1Freq
                0x080057ec       0x2c ./Drivers/STM32H7xx_HAL_Driver/Src/stm32h7xx_hal_rcc.o
                0x080057ec                HAL_RCC_GetPCLK1Freq
 .text.HAL_RCC_GetPCLK2Freq
                0x08005818       0x2c ./Drivers/STM32H7xx_HAL_Driver/Src/stm32h7xx_hal_rcc.o
                0x08005818                HAL_RCC_GetPCLK2Freq
 .text.HAL_RCC_GetClockConfig
                0x08005844       0x84 ./Drivers/STM32H7xx_HAL_Driver/Src/stm32h7xx_hal_rcc.o
                0x08005844                HAL_RCC_GetClockConfig
 .text.HAL_RCCEx_PeriphCLKConfig
                0x080058c8     0x1340 ./Drivers/STM32H7xx_HAL_Driver/Src/stm32h7xx_hal_rcc_ex.o
                0x080058c8                HAL_RCCEx_PeriphCLKConfig
 .text.HAL_RCCEx_GetD3PCLK1Freq
                0x08006c08       0x2c ./Drivers/STM32H7xx_HAL_Driver/Src/stm32h7xx_hal_rcc_ex.o
                0x08006c08                HAL_RCCEx_GetD3PCLK1Freq
 .text.HAL_RCCEx_GetPLL2ClockFreq
                0x08006c34      0x2a8 ./Drivers/STM32H7xx_HAL_Driver/Src/stm32h7xx_hal_rcc_ex.o
                0x08006c34                HAL_RCCEx_GetPLL2ClockFreq
 .text.HAL_RCCEx_GetPLL3ClockFreq
                0x08006edc      0x2a8 ./Drivers/STM32H7xx_HAL_Driver/Src/stm32h7xx_hal_rcc_ex.o
                0x08006edc                HAL_RCCEx_GetPLL3ClockFreq
 .text.RCCEx_PLL2_Config
                0x08007184      0x164 ./Drivers/STM32H7xx_HAL_Driver/Src/stm32h7xx_hal_rcc_ex.o
 .text.RCCEx_PLL3_Config
                0x080072e8      0x164 ./Drivers/STM32H7xx_HAL_Driver/Src/stm32h7xx_hal_rcc_ex.o
 .text.HAL_SPI_Init
                0x0800744c      0x248 ./Drivers/STM32H7xx_HAL_Driver/Src/stm32h7xx_hal_spi.o
                0x0800744c                HAL_SPI_Init
 .text.HAL_SPI_Transmit_DMA
                0x08007694      0x284 ./Drivers/STM32H7xx_HAL_Driver/Src/stm32h7xx_hal_spi.o
                0x08007694                HAL_SPI_Transmit_DMA
 .text.HAL_SPI_Receive_DMA
                0x08007918      0x290 ./Drivers/STM32H7xx_HAL_Driver/Src/stm32h7xx_hal_spi.o
                0x08007918                HAL_SPI_Receive_DMA
 .text.HAL_SPI_IRQHandler
                0x08007ba8      0x39c ./Drivers/STM32H7xx_HAL_Driver/Src/stm32h7xx_hal_spi.o
                0x08007ba8                HAL_SPI_IRQHandler
 .text.HAL_SPI_TxRxCpltCallback
                0x08007f44       0x14 ./Drivers/STM32H7xx_HAL_Driver/Src/stm32h7xx_hal_spi.o
                0x08007f44                HAL_SPI_TxRxCpltCallback
 .text.HAL_SPI_TxHalfCpltCallback
                0x08007f58       0x14 ./Drivers/STM32H7xx_HAL_Driver/Src/stm32h7xx_hal_spi.o
                0x08007f58                HAL_SPI_TxHalfCpltCallback
 .text.HAL_SPI_ErrorCallback
                0x08007f6c       0x14 ./Drivers/STM32H7xx_HAL_Driver/Src/stm32h7xx_hal_spi.o
                0x08007f6c                HAL_SPI_ErrorCallback
 .text.HAL_SPI_SuspendCallback
                0x08007f80       0x14 ./Drivers/STM32H7xx_HAL_Driver/Src/stm32h7xx_hal_spi.o
                0x08007f80                HAL_SPI_SuspendCallback
 .text.SPI_DMATransmitCplt
                0x08007f94       0x46 ./Drivers/STM32H7xx_HAL_Driver/Src/stm32h7xx_hal_spi.o
 .text.SPI_DMAReceiveCplt
                0x08007fda       0x46 ./Drivers/STM32H7xx_HAL_Driver/Src/stm32h7xx_hal_spi.o
 .text.SPI_DMAHalfTransmitCplt
                0x08008020       0x1c ./Drivers/STM32H7xx_HAL_Driver/Src/stm32h7xx_hal_spi.o
 .text.SPI_DMAHalfReceiveCplt
                0x0800803c       0x1c ./Drivers/STM32H7xx_HAL_Driver/Src/stm32h7xx_hal_spi.o
 .text.SPI_DMAError
                0x08008058       0x46 ./Drivers/STM32H7xx_HAL_Driver/Src/stm32h7xx_hal_spi.o
 .text.SPI_DMAAbortOnError
                0x0800809e       0x34 ./Drivers/STM32H7xx_HAL_Driver/Src/stm32h7xx_hal_spi.o
 *fill*         0x080080d2        0x2 
 .text.SPI_CloseTransfer
                0x080080d4      0x140 ./Drivers/STM32H7xx_HAL_Driver/Src/stm32h7xx_hal_spi.o
 .text.SPI_GetPacketSize
                0x08008214       0x36 ./Drivers/STM32H7xx_HAL_Driver/Src/stm32h7xx_hal_spi.o
 .text.HAL_TIM_Base_Init
                0x0800824a       0xae ./Drivers/STM32H7xx_HAL_Driver/Src/stm32h7xx_hal_tim.o
                0x0800824a                HAL_TIM_Base_Init
 .text.HAL_TIM_Base_MspInit
                0x080082f8       0x14 ./Drivers/STM32H7xx_HAL_Driver/Src/stm32h7xx_hal_tim.o
                0x080082f8                HAL_TIM_Base_MspInit
 .text.HAL_TIM_Base_Start_IT
                0x0800830c      0x10c ./Drivers/STM32H7xx_HAL_Driver/Src/stm32h7xx_hal_tim.o
                0x0800830c                HAL_TIM_Base_Start_IT
 .text.HAL_TIM_IRQHandler
                0x08008418      0x20e ./Drivers/STM32H7xx_HAL_Driver/Src/stm32h7xx_hal_tim.o
                0x08008418                HAL_TIM_IRQHandler
 .text.HAL_TIM_OC_DelayElapsedCallback
                0x08008626       0x14 ./Drivers/STM32H7xx_HAL_Driver/Src/stm32h7xx_hal_tim.o
                0x08008626                HAL_TIM_OC_DelayElapsedCallback
 .text.HAL_TIM_IC_CaptureCallback
                0x0800863a       0x14 ./Drivers/STM32H7xx_HAL_Driver/Src/stm32h7xx_hal_tim.o
                0x0800863a                HAL_TIM_IC_CaptureCallback
 .text.HAL_TIM_PWM_PulseFinishedCallback
                0x0800864e       0x14 ./Drivers/STM32H7xx_HAL_Driver/Src/stm32h7xx_hal_tim.o
                0x0800864e                HAL_TIM_PWM_PulseFinishedCallback
 .text.HAL_TIM_TriggerCallback
                0x08008662       0x14 ./Drivers/STM32H7xx_HAL_Driver/Src/stm32h7xx_hal_tim.o
                0x08008662                HAL_TIM_TriggerCallback
 *fill*         0x08008676        0x2 
 .text.TIM_Base_SetConfig
                0x08008678      0x164 ./Drivers/STM32H7xx_HAL_Driver/Src/stm32h7xx_hal_tim.o
                0x08008678                TIM_Base_SetConfig
 .text.HAL_TIMEx_CommutCallback
                0x080087dc       0x14 ./Drivers/STM32H7xx_HAL_Driver/Src/stm32h7xx_hal_tim_ex.o
                0x080087dc                HAL_TIMEx_CommutCallback
 .text.HAL_TIMEx_BreakCallback
                0x080087f0       0x14 ./Drivers/STM32H7xx_HAL_Driver/Src/stm32h7xx_hal_tim_ex.o
                0x080087f0                HAL_TIMEx_BreakCallback
 .text.HAL_TIMEx_Break2Callback
                0x08008804       0x14 ./Drivers/STM32H7xx_HAL_Driver/Src/stm32h7xx_hal_tim_ex.o
                0x08008804                HAL_TIMEx_Break2Callback
 .text.HAL_UART_Init
                0x08008818       0xa0 ./Drivers/STM32H7xx_HAL_Driver/Src/stm32h7xx_hal_uart.o
                0x08008818                HAL_UART_Init
 .text.HAL_UART_Transmit_DMA
                0x080088b8      0x100 ./Drivers/STM32H7xx_HAL_Driver/Src/stm32h7xx_hal_uart.o
                0x080088b8                HAL_UART_Transmit_DMA
 .text.HAL_UART_Receive_DMA
                0x080089b8       0x98 ./Drivers/STM32H7xx_HAL_Driver/Src/stm32h7xx_hal_uart.o
                0x080089b8                HAL_UART_Receive_DMA
 .text.HAL_UART_IRQHandler
                0x08008a50      0x774 ./Drivers/STM32H7xx_HAL_Driver/Src/stm32h7xx_hal_uart.o
                0x08008a50                HAL_UART_IRQHandler
 .text.HAL_UART_TxHalfCpltCallback
                0x080091c4       0x14 ./Drivers/STM32H7xx_HAL_Driver/Src/stm32h7xx_hal_uart.o
                0x080091c4                HAL_UART_TxHalfCpltCallback
 .text.HAL_UART_ErrorCallback
                0x080091d8       0x14 ./Drivers/STM32H7xx_HAL_Driver/Src/stm32h7xx_hal_uart.o
                0x080091d8                HAL_UART_ErrorCallback
 .text.HAL_UARTEx_RxEventCallback
                0x080091ec       0x18 ./Drivers/STM32H7xx_HAL_Driver/Src/stm32h7xx_hal_uart.o
                0x080091ec                HAL_UARTEx_RxEventCallback
 .text.UART_SetConfig
                0x08009204      0xcd8 ./Drivers/STM32H7xx_HAL_Driver/Src/stm32h7xx_hal_uart.o
                0x08009204                UART_SetConfig
 .text.UART_AdvFeatureConfig
                0x08009edc      0x144 ./Drivers/STM32H7xx_HAL_Driver/Src/stm32h7xx_hal_uart.o
                0x08009edc                UART_AdvFeatureConfig
 .text.UART_CheckIdleState
                0x0800a020      0x154 ./Drivers/STM32H7xx_HAL_Driver/Src/stm32h7xx_hal_uart.o
                0x0800a020                UART_CheckIdleState
 .text.UART_WaitOnFlagUntilTimeout
                0x0800a174       0xda ./Drivers/STM32H7xx_HAL_Driver/Src/stm32h7xx_hal_uart.o
                0x0800a174                UART_WaitOnFlagUntilTimeout
 *fill*         0x0800a24e        0x2 
 .text.UART_Start_Receive_DMA
                0x0800a250      0x14c ./Drivers/STM32H7xx_HAL_Driver/Src/stm32h7xx_hal_uart.o
                0x0800a250                UART_Start_Receive_DMA
 .text.UART_EndTxTransfer
                0x0800a39c       0x82 ./Drivers/STM32H7xx_HAL_Driver/Src/stm32h7xx_hal_uart.o
 *fill*         0x0800a41e        0x2 
 .text.UART_EndRxTransfer
                0x0800a420       0xcc ./Drivers/STM32H7xx_HAL_Driver/Src/stm32h7xx_hal_uart.o
 .text.UART_DMATransmitCplt
                0x0800a4ec       0x96 ./Drivers/STM32H7xx_HAL_Driver/Src/stm32h7xx_hal_uart.o
 .text.UART_DMATxHalfCplt
                0x0800a582       0x1c ./Drivers/STM32H7xx_HAL_Driver/Src/stm32h7xx_hal_uart.o
 .text.UART_DMAReceiveCplt
                0x0800a59e      0x128 ./Drivers/STM32H7xx_HAL_Driver/Src/stm32h7xx_hal_uart.o
 .text.UART_DMARxHalfCplt
                0x0800a6c6       0x3e ./Drivers/STM32H7xx_HAL_Driver/Src/stm32h7xx_hal_uart.o
 .text.UART_DMAError
                0x0800a704       0x80 ./Drivers/STM32H7xx_HAL_Driver/Src/stm32h7xx_hal_uart.o
 .text.UART_DMAAbortOnError
                0x0800a784       0x2c ./Drivers/STM32H7xx_HAL_Driver/Src/stm32h7xx_hal_uart.o
 .text.UART_EndTransmit_IT
                0x0800a7b0       0x56 ./Drivers/STM32H7xx_HAL_Driver/Src/stm32h7xx_hal_uart.o
 .text.HAL_UARTEx_WakeupCallback
                0x0800a806       0x14 ./Drivers/STM32H7xx_HAL_Driver/Src/stm32h7xx_hal_uart_ex.o
                0x0800a806                HAL_UARTEx_WakeupCallback
 .text.HAL_UARTEx_RxFifoFullCallback
                0x0800a81a       0x14 ./Drivers/STM32H7xx_HAL_Driver/Src/stm32h7xx_hal_uart_ex.o
                0x0800a81a                HAL_UARTEx_RxFifoFullCallback
 .text.HAL_UARTEx_TxFifoEmptyCallback
                0x0800a82e       0x14 ./Drivers/STM32H7xx_HAL_Driver/Src/stm32h7xx_hal_uart_ex.o
                0x0800a82e                HAL_UARTEx_TxFifoEmptyCallback
 .text.HAL_UARTEx_DisableFifoMode
                0x0800a842       0x72 ./Drivers/STM32H7xx_HAL_Driver/Src/stm32h7xx_hal_uart_ex.o
                0x0800a842                HAL_UARTEx_DisableFifoMode
 .text.HAL_UARTEx_SetTxFifoThreshold
                0x0800a8b4       0x7c ./Drivers/STM32H7xx_HAL_Driver/Src/stm32h7xx_hal_uart_ex.o
                0x0800a8b4                HAL_UARTEx_SetTxFifoThreshold
 .text.HAL_UARTEx_SetRxFifoThreshold
                0x0800a930       0x7c ./Drivers/STM32H7xx_HAL_Driver/Src/stm32h7xx_hal_uart_ex.o
                0x0800a930                HAL_UARTEx_SetRxFifoThreshold
 .text.UARTEx_SetNbDataToProcess
                0x0800a9ac       0x9c ./Drivers/STM32H7xx_HAL_Driver/Src/stm32h7xx_hal_uart_ex.o
 .text.__NVIC_SetPriority
                0x0800aa48       0x54 ./Middlewares/Third_Party/FreeRTOS/Source/CMSIS_RTOS_V2/cmsis_os2.o
 .text.SysTick_Handler
                0x0800aa9c       0x20 ./Middlewares/Third_Party/FreeRTOS/Source/CMSIS_RTOS_V2/cmsis_os2.o
                0x0800aa9c                SysTick_Handler
 .text.SVC_Setup
                0x0800aabc       0x12 ./Middlewares/Third_Party/FreeRTOS/Source/CMSIS_RTOS_V2/cmsis_os2.o
 *fill*         0x0800aace        0x2 
 .text.osKernelInitialize
                0x0800aad0       0x48 ./Middlewares/Third_Party/FreeRTOS/Source/CMSIS_RTOS_V2/cmsis_os2.o
                0x0800aad0                osKernelInitialize
 .text.osKernelStart
                0x0800ab18       0x4c ./Middlewares/Third_Party/FreeRTOS/Source/CMSIS_RTOS_V2/cmsis_os2.o
                0x0800ab18                osKernelStart
 .text.osThreadNew
                0x0800ab64      0x124 ./Middlewares/Third_Party/FreeRTOS/Source/CMSIS_RTOS_V2/cmsis_os2.o
                0x0800ab64                osThreadNew
 .text.osDelay  0x0800ac88       0x36 ./Middlewares/Third_Party/FreeRTOS/Source/CMSIS_RTOS_V2/cmsis_os2.o
                0x0800ac88                osDelay
 *fill*         0x0800acbe        0x2 
 .text.vApplicationGetIdleTaskMemory
                0x0800acc0       0x34 ./Middlewares/Third_Party/FreeRTOS/Source/CMSIS_RTOS_V2/cmsis_os2.o
                0x0800acc0                vApplicationGetIdleTaskMemory
 .text.vApplicationGetTimerTaskMemory
                0x0800acf4       0x34 ./Middlewares/Third_Party/FreeRTOS/Source/CMSIS_RTOS_V2/cmsis_os2.o
                0x0800acf4                vApplicationGetTimerTaskMemory
 .text.vListInitialise
                0x0800ad28       0x40 ./Middlewares/Third_Party/FreeRTOS/Source/list.o
                0x0800ad28                vListInitialise
 .text.vListInitialiseItem
                0x0800ad68       0x1a ./Middlewares/Third_Party/FreeRTOS/Source/list.o
                0x0800ad68                vListInitialiseItem
 .text.vListInsertEnd
                0x0800ad82       0x48 ./Middlewares/Third_Party/FreeRTOS/Source/list.o
                0x0800ad82                vListInsertEnd
 .text.vListInsert
                0x0800adca       0x72 ./Middlewares/Third_Party/FreeRTOS/Source/list.o
                0x0800adca                vListInsert
 .text.uxListRemove
                0x0800ae3c       0x54 ./Middlewares/Third_Party/FreeRTOS/Source/list.o
                0x0800ae3c                uxListRemove
 .text.xQueueGenericReset
                0x0800ae90       0xd4 ./Middlewares/Third_Party/FreeRTOS/Source/queue.o
                0x0800ae90                xQueueGenericReset
 .text.xQueueGenericCreateStatic
                0x0800af64       0xfa ./Middlewares/Third_Party/FreeRTOS/Source/queue.o
                0x0800af64                xQueueGenericCreateStatic
 .text.xQueueGenericCreate
                0x0800b05e       0x76 ./Middlewares/Third_Party/FreeRTOS/Source/queue.o
                0x0800b05e                xQueueGenericCreate
 .text.prvInitialiseNewQueue
                0x0800b0d4       0x4c ./Middlewares/Third_Party/FreeRTOS/Source/queue.o
 .text.xQueueGenericSend
                0x0800b120      0x23c ./Middlewares/Third_Party/FreeRTOS/Source/queue.o
                0x0800b120                xQueueGenericSend
 .text.xQueueGenericSendFromISR
                0x0800b35c      0x16a ./Middlewares/Third_Party/FreeRTOS/Source/queue.o
                0x0800b35c                xQueueGenericSendFromISR
 *fill*         0x0800b4c6        0x2 
 .text.xQueueReceive
                0x0800b4c8      0x1c4 ./Middlewares/Third_Party/FreeRTOS/Source/queue.o
                0x0800b4c8                xQueueReceive
 .text.uxQueueSpacesAvailable
                0x0800b68c       0x48 ./Middlewares/Third_Party/FreeRTOS/Source/queue.o
                0x0800b68c                uxQueueSpacesAvailable
 .text.prvCopyDataToQueue
                0x0800b6d4       0xd4 ./Middlewares/Third_Party/FreeRTOS/Source/queue.o
 .text.prvCopyDataFromQueue
                0x0800b7a8       0x4c ./Middlewares/Third_Party/FreeRTOS/Source/queue.o
 .text.prvUnlockQueue
                0x0800b7f4       0xbe ./Middlewares/Third_Party/FreeRTOS/Source/queue.o
 .text.prvIsQueueEmpty
                0x0800b8b2       0x2c ./Middlewares/Third_Party/FreeRTOS/Source/queue.o
 .text.prvIsQueueFull
                0x0800b8de       0x30 ./Middlewares/Third_Party/FreeRTOS/Source/queue.o
 *fill*         0x0800b90e        0x2 
 .text.vQueueAddToRegistry
                0x0800b910       0x54 ./Middlewares/Third_Party/FreeRTOS/Source/queue.o
                0x0800b910                vQueueAddToRegistry
 .text.vQueueWaitForMessageRestricted
                0x0800b964       0x68 ./Middlewares/Third_Party/FreeRTOS/Source/queue.o
                0x0800b964                vQueueWaitForMessageRestricted
 .text.xQueueCreateSet
                0x0800b9cc       0x1e ./Middlewares/Third_Party/FreeRTOS/Source/queue.o
                0x0800b9cc                xQueueCreateSet
 .text.xQueueAddToSet
                0x0800b9ea       0x42 ./Middlewares/Third_Party/FreeRTOS/Source/queue.o
                0x0800b9ea                xQueueAddToSet
 .text.xQueueSelectFromSet
                0x0800ba2c       0x26 ./Middlewares/Third_Party/FreeRTOS/Source/queue.o
                0x0800ba2c                xQueueSelectFromSet
 .text.prvNotifyQueueSetContainer
                0x0800ba52       0xb6 ./Middlewares/Third_Party/FreeRTOS/Source/queue.o
 .text.xTaskCreateStatic
                0x0800bb08       0xc0 ./Middlewares/Third_Party/FreeRTOS/Source/tasks.o
                0x0800bb08                xTaskCreateStatic
 .text.xTaskCreate
                0x0800bbc8       0x8a ./Middlewares/Third_Party/FreeRTOS/Source/tasks.o
                0x0800bbc8                xTaskCreate
 *fill*         0x0800bc52        0x2 
 .text.prvInitialiseNewTask
                0x0800bc54      0x150 ./Middlewares/Third_Party/FreeRTOS/Source/tasks.o
 .text.prvAddNewTaskToReadyList
                0x0800bda4       0xe0 ./Middlewares/Third_Party/FreeRTOS/Source/tasks.o
 .text.vTaskDelay
                0x0800be84       0x6c ./Middlewares/Third_Party/FreeRTOS/Source/tasks.o
                0x0800be84                vTaskDelay
 .text.vTaskStartScheduler
                0x0800bef0       0xe0 ./Middlewares/Third_Party/FreeRTOS/Source/tasks.o
                0x0800bef0                vTaskStartScheduler
 .text.vTaskSuspendAll
                0x0800bfd0       0x1c ./Middlewares/Third_Party/FreeRTOS/Source/tasks.o
                0x0800bfd0                vTaskSuspendAll
 .text.xTaskResumeAll
                0x0800bfec      0x13c ./Middlewares/Third_Party/FreeRTOS/Source/tasks.o
                0x0800bfec                xTaskResumeAll
 .text.xTaskGetTickCount
                0x0800c128       0x20 ./Middlewares/Third_Party/FreeRTOS/Source/tasks.o
                0x0800c128                xTaskGetTickCount
 .text.xTaskIncrementTick
                0x0800c148      0x174 ./Middlewares/Third_Party/FreeRTOS/Source/tasks.o
                0x0800c148                xTaskIncrementTick
 .text.vTaskSwitchContext
                0x0800c2bc       0xcc ./Middlewares/Third_Party/FreeRTOS/Source/tasks.o
                0x0800c2bc                vTaskSwitchContext
 .text.vTaskPlaceOnEventList
                0x0800c388       0x4c ./Middlewares/Third_Party/FreeRTOS/Source/tasks.o
                0x0800c388                vTaskPlaceOnEventList
 .text.vTaskPlaceOnEventListRestricted
                0x0800c3d4       0x58 ./Middlewares/Third_Party/FreeRTOS/Source/tasks.o
                0x0800c3d4                vTaskPlaceOnEventListRestricted
 .text.xTaskRemoveFromEventList
                0x0800c42c       0xc8 ./Middlewares/Third_Party/FreeRTOS/Source/tasks.o
                0x0800c42c                xTaskRemoveFromEventList
 .text.vTaskInternalSetTimeOutState
                0x0800c4f4       0x2c ./Middlewares/Third_Party/FreeRTOS/Source/tasks.o
                0x0800c4f4                vTaskInternalSetTimeOutState
 .text.xTaskCheckForTimeOut
                0x0800c520       0xc8 ./Middlewares/Third_Party/FreeRTOS/Source/tasks.o
                0x0800c520                xTaskCheckForTimeOut
 .text.vTaskMissedYield
                0x0800c5e8       0x18 ./Middlewares/Third_Party/FreeRTOS/Source/tasks.o
                0x0800c5e8                vTaskMissedYield
 .text.prvIdleTask
                0x0800c600       0x30 ./Middlewares/Third_Party/FreeRTOS/Source/tasks.o
 .text.prvInitialiseTaskLists
                0x0800c630       0x80 ./Middlewares/Third_Party/FreeRTOS/Source/tasks.o
 .text.prvCheckTasksWaitingTermination
                0x0800c6b0       0x5c ./Middlewares/Third_Party/FreeRTOS/Source/tasks.o
 .text.prvDeleteTCB
                0x0800c70c       0x6a ./Middlewares/Third_Party/FreeRTOS/Source/tasks.o
 *fill*         0x0800c776        0x2 
 .text.prvResetNextTaskUnblockTime
                0x0800c778       0x40 ./Middlewares/Third_Party/FreeRTOS/Source/tasks.o
 .text.xTaskGetSchedulerState
                0x0800c7b8       0x3c ./Middlewares/Third_Party/FreeRTOS/Source/tasks.o
                0x0800c7b8                xTaskGetSchedulerState
 .text.xTaskPriorityDisinherit
                0x0800c7f4       0xe0 ./Middlewares/Third_Party/FreeRTOS/Source/tasks.o
                0x0800c7f4                xTaskPriorityDisinherit
 .text.prvAddCurrentTaskToDelayedList
                0x0800c8d4       0xa8 ./Middlewares/Third_Party/FreeRTOS/Source/tasks.o
 .text.xTimerCreateTimerTask
                0x0800c97c       0x94 ./Middlewares/Third_Party/FreeRTOS/Source/timers.o
                0x0800c97c                xTimerCreateTimerTask
 .text.xTimerGenericCommand
                0x0800ca10       0x9c ./Middlewares/Third_Party/FreeRTOS/Source/timers.o
                0x0800ca10                xTimerGenericCommand
 .text.prvProcessExpiredTimer
                0x0800caac       0x9c ./Middlewares/Third_Party/FreeRTOS/Source/timers.o
 .text.prvTimerTask
                0x0800cb48       0x26 ./Middlewares/Third_Party/FreeRTOS/Source/timers.o
 *fill*         0x0800cb6e        0x2 
 .text.prvProcessTimerOrBlockTask
                0x0800cb70       0x9c ./Middlewares/Third_Party/FreeRTOS/Source/timers.o
 .text.prvGetNextExpireTime
                0x0800cc0c       0x48 ./Middlewares/Third_Party/FreeRTOS/Source/timers.o
 .text.prvSampleTimeNow
                0x0800cc54       0x40 ./Middlewares/Third_Party/FreeRTOS/Source/timers.o
 .text.prvInsertTimerInActiveList
                0x0800cc94       0x84 ./Middlewares/Third_Party/FreeRTOS/Source/timers.o
 .text.prvProcessReceivedCommands
                0x0800cd18      0x1cc ./Middlewares/Third_Party/FreeRTOS/Source/timers.o
 .text.prvSwitchTimerLists
                0x0800cee4       0xcc ./Middlewares/Third_Party/FreeRTOS/Source/timers.o
 .text.prvCheckForValidListAndQueue
                0x0800cfb0       0x80 ./Middlewares/Third_Party/FreeRTOS/Source/timers.o
 .text.pxPortInitialiseStack
                0x0800d030       0x68 ./Middlewares/Third_Party/FreeRTOS/Source/portable/GCC/ARM_CM4F/port.o
                0x0800d030                pxPortInitialiseStack
 .text.prvTaskExitError
                0x0800d098       0x5c ./Middlewares/Third_Party/FreeRTOS/Source/portable/GCC/ARM_CM4F/port.o
 *fill*         0x0800d0f4        0xc 
 .text.SVC_Handler
                0x0800d100       0x28 ./Middlewares/Third_Party/FreeRTOS/Source/portable/GCC/ARM_CM4F/port.o
                0x0800d100                SVC_Handler
 .text.prvPortStartFirstTask
                0x0800d128       0x28 ./Middlewares/Third_Party/FreeRTOS/Source/portable/GCC/ARM_CM4F/port.o
 .text.xPortStartScheduler
                0x0800d150      0x148 ./Middlewares/Third_Party/FreeRTOS/Source/portable/GCC/ARM_CM4F/port.o
                0x0800d150                xPortStartScheduler
 .text.vPortEnterCritical
                0x0800d298       0x64 ./Middlewares/Third_Party/FreeRTOS/Source/portable/GCC/ARM_CM4F/port.o
                0x0800d298                vPortEnterCritical
 .text.vPortExitCritical
                0x0800d2fc       0x54 ./Middlewares/Third_Party/FreeRTOS/Source/portable/GCC/ARM_CM4F/port.o
                0x0800d2fc                vPortExitCritical
 .text.PendSV_Handler
                0x0800d350       0x68 ./Middlewares/Third_Party/FreeRTOS/Source/portable/GCC/ARM_CM4F/port.o
                0x0800d350                PendSV_Handler
 .text.xPortSysTickHandler
                0x0800d3b8       0x44 ./Middlewares/Third_Party/FreeRTOS/Source/portable/GCC/ARM_CM4F/port.o
                0x0800d3b8                xPortSysTickHandler
 .text.vPortSetupTimerInterrupt
                0x0800d3fc       0x48 ./Middlewares/Third_Party/FreeRTOS/Source/portable/GCC/ARM_CM4F/port.o
                0x0800d3fc                vPortSetupTimerInterrupt
 .text.vPortEnableVFP
                0x0800d444       0x14 ./Middlewares/Third_Party/FreeRTOS/Source/portable/GCC/ARM_CM4F/port.o
 .text.vPortValidateInterruptPriority
                0x0800d458       0x84 ./Middlewares/Third_Party/FreeRTOS/Source/portable/GCC/ARM_CM4F/port.o
                0x0800d458                vPortValidateInterruptPriority
 .text.pvPortMalloc
                0x0800d4dc      0x19c ./Middlewares/Third_Party/FreeRTOS/Source/portable/MemMang/heap_4.o
                0x0800d4dc                pvPortMalloc
 .text.vPortFree
                0x0800d678       0xc8 ./Middlewares/Third_Party/FreeRTOS/Source/portable/MemMang/heap_4.o
                0x0800d678                vPortFree
 .text.prvHeapInit
                0x0800d740       0xc4 ./Middlewares/Third_Party/FreeRTOS/Source/portable/MemMang/heap_4.o
 .text.prvInsertBlockIntoFreeList
                0x0800d804       0xb4 ./Middlewares/Third_Party/FreeRTOS/Source/portable/MemMang/heap_4.o
 .text.memset   0x0800d8b8       0x10 D:/programs/STM32CubeIDE/STM32CubeIDE/plugins/com.st.stm32cube.ide.mcu.externaltools.gnu-tools-for-stm32.12.3.rel1.win32_1.0.100.202403111256/tools/bin/../lib/gcc/arm-none-eabi/12.3.1/../../../../arm-none-eabi/lib/thumb/v7e-m+dp/hard\libc_nano.a(libc_a-memset.o)
                0x0800d8b8                memset
 .text._reclaim_reent
                0x0800d8c8       0xac D:/programs/STM32CubeIDE/STM32CubeIDE/plugins/com.st.stm32cube.ide.mcu.externaltools.gnu-tools-for-stm32.12.3.rel1.win32_1.0.100.202403111256/tools/bin/../lib/gcc/arm-none-eabi/12.3.1/../../../../arm-none-eabi/lib/thumb/v7e-m+dp/hard\libc_nano.a(libc_a-reent.o)
                0x0800d8c8                _reclaim_reent
 .text.__libc_init_array
                0x0800d974       0x48 D:/programs/STM32CubeIDE/STM32CubeIDE/plugins/com.st.stm32cube.ide.mcu.externaltools.gnu-tools-for-stm32.12.3.rel1.win32_1.0.100.202403111256/tools/bin/../lib/gcc/arm-none-eabi/12.3.1/../../../../arm-none-eabi/lib/thumb/v7e-m+dp/hard\libc_nano.a(libc_a-init.o)
                0x0800d974                __libc_init_array
 .text.__retarget_lock_acquire_recursive
                0x0800d9bc        0x2 D:/programs/STM32CubeIDE/STM32CubeIDE/plugins/com.st.stm32cube.ide.mcu.externaltools.gnu-tools-for-stm32.12.3.rel1.win32_1.0.100.202403111256/tools/bin/../lib/gcc/arm-none-eabi/12.3.1/../../../../arm-none-eabi/lib/thumb/v7e-m+dp/hard\libc_nano.a(libc_a-lock.o)
                0x0800d9bc                __retarget_lock_acquire_recursive
 .text.__retarget_lock_release_recursive
                0x0800d9be        0x2 D:/programs/STM32CubeIDE/STM32CubeIDE/plugins/com.st.stm32cube.ide.mcu.externaltools.gnu-tools-for-stm32.12.3.rel1.win32_1.0.100.202403111256/tools/bin/../lib/gcc/arm-none-eabi/12.3.1/../../../../arm-none-eabi/lib/thumb/v7e-m+dp/hard\libc_nano.a(libc_a-lock.o)
                0x0800d9be                __retarget_lock_release_recursive
 .text.memcpy   0x0800d9c0       0x1c D:/programs/STM32CubeIDE/STM32CubeIDE/plugins/com.st.stm32cube.ide.mcu.externaltools.gnu-tools-for-stm32.12.3.rel1.win32_1.0.100.202403111256/tools/bin/../lib/gcc/arm-none-eabi/12.3.1/../../../../arm-none-eabi/lib/thumb/v7e-m+dp/hard\libc_nano.a(libc_a-memcpy-stub.o)
                0x0800d9c0                memcpy
 .text._free_r  0x0800d9dc       0x94 D:/programs/STM32CubeIDE/STM32CubeIDE/plugins/com.st.stm32cube.ide.mcu.externaltools.gnu-tools-for-stm32.12.3.rel1.win32_1.0.100.202403111256/tools/bin/../lib/gcc/arm-none-eabi/12.3.1/../../../../arm-none-eabi/lib/thumb/v7e-m+dp/hard\libc_nano.a(libc_a-freer.o)
                0x0800d9dc                _free_r
 .text.__malloc_lock
                0x0800da70        0xc D:/programs/STM32CubeIDE/STM32CubeIDE/plugins/com.st.stm32cube.ide.mcu.externaltools.gnu-tools-for-stm32.12.3.rel1.win32_1.0.100.202403111256/tools/bin/../lib/gcc/arm-none-eabi/12.3.1/../../../../arm-none-eabi/lib/thumb/v7e-m+dp/hard\libc_nano.a(libc_a-mlock.o)
                0x0800da70                __malloc_lock
 .text.__malloc_unlock
                0x0800da7c        0xc D:/programs/STM32CubeIDE/STM32CubeIDE/plugins/com.st.stm32cube.ide.mcu.externaltools.gnu-tools-for-stm32.12.3.rel1.win32_1.0.100.202403111256/tools/bin/../lib/gcc/arm-none-eabi/12.3.1/../../../../arm-none-eabi/lib/thumb/v7e-m+dp/hard\libc_nano.a(libc_a-mlock.o)
                0x0800da7c                __malloc_unlock
 *(.glue_7)
 .glue_7        0x0800da88        0x0 linker stubs
 *(.glue_7t)
 .glue_7t       0x0800da88        0x0 linker stubs
 *(.eh_frame)
 .eh_frame      0x0800da88        0x0 D:/programs/STM32CubeIDE/STM32CubeIDE/plugins/com.st.stm32cube.ide.mcu.externaltools.gnu-tools-for-stm32.12.3.rel1.win32_1.0.100.202403111256/tools/bin/../lib/gcc/arm-none-eabi/12.3.1/thumb/v7e-m+dp/hard/crtbegin.o
 *(.init)
 .init          0x0800da88        0x4 D:/programs/STM32CubeIDE/STM32CubeIDE/plugins/com.st.stm32cube.ide.mcu.externaltools.gnu-tools-for-stm32.12.3.rel1.win32_1.0.100.202403111256/tools/bin/../lib/gcc/arm-none-eabi/12.3.1/thumb/v7e-m+dp/hard/crti.o
                0x0800da88                _init
 .init          0x0800da8c        0x8 D:/programs/STM32CubeIDE/STM32CubeIDE/plugins/com.st.stm32cube.ide.mcu.externaltools.gnu-tools-for-stm32.12.3.rel1.win32_1.0.100.202403111256/tools/bin/../lib/gcc/arm-none-eabi/12.3.1/thumb/v7e-m+dp/hard/crtn.o
 *(.fini)
 .fini          0x0800da94        0x4 D:/programs/STM32CubeIDE/STM32CubeIDE/plugins/com.st.stm32cube.ide.mcu.externaltools.gnu-tools-for-stm32.12.3.rel1.win32_1.0.100.202403111256/tools/bin/../lib/gcc/arm-none-eabi/12.3.1/thumb/v7e-m+dp/hard/crti.o
                0x0800da94                _fini
 .fini          0x0800da98        0x8 D:/programs/STM32CubeIDE/STM32CubeIDE/plugins/com.st.stm32cube.ide.mcu.externaltools.gnu-tools-for-stm32.12.3.rel1.win32_1.0.100.202403111256/tools/bin/../lib/gcc/arm-none-eabi/12.3.1/thumb/v7e-m+dp/hard/crtn.o
                0x0800daa0                        . = ALIGN (0x4)
                0x0800daa0                        _etext = .

.vfp11_veneer   0x0800daa0        0x0
 .vfp11_veneer  0x0800daa0        0x0 linker stubs

.v4_bx          0x0800daa0        0x0
 .v4_bx         0x0800daa0        0x0 linker stubs

.iplt           0x0800daa0        0x0
 .iplt          0x0800daa0        0x0 D:/programs/STM32CubeIDE/STM32CubeIDE/plugins/com.st.stm32cube.ide.mcu.externaltools.gnu-tools-for-stm32.12.3.rel1.win32_1.0.100.202403111256/tools/bin/../lib/gcc/arm-none-eabi/12.3.1/thumb/v7e-m+dp/hard/crtbegin.o

.rodata         0x0800daa0       0xb4
                0x0800daa0                        . = ALIGN (0x4)
 *(.rodata)
 .rodata        0x0800daa0       0x29 ./Core/Src/bridge.o
 *fill*         0x0800dac9        0x3 
 .rodata        0x0800dacc        0xc ./Core/Src/main.o
 .rodata        0x0800dad8        0x5 ./Middlewares/Third_Party/FreeRTOS/Source/tasks.o
 *fill*         0x0800dadd        0x3 
 .rodata        0x0800dae0        0xd ./Middlewares/Third_Party/FreeRTOS/Source/timers.o
 *(.rodata*)
 *fill*         0x0800daed        0x3 
 .rodata.defaultTask_attributes
                0x0800daf0       0x24 ./Core/Src/main.o
                0x0800daf0                defaultTask_attributes
 .rodata.D1CorePrescTable
                0x0800db14       0x10 ./Core/Src/system_stm32h7xx.o
                0x0800db14                D1CorePrescTable
 .rodata.flagBitshiftOffset.0
                0x0800db24        0x8 ./Drivers/STM32H7xx_HAL_Driver/Src/stm32h7xx_hal_dma.o
 .rodata.UARTPrescTable
                0x0800db2c       0x18 ./Drivers/STM32H7xx_HAL_Driver/Src/stm32h7xx_hal_uart.o
                0x0800db2c                UARTPrescTable
 .rodata.numerator.1
                0x0800db44        0x8 ./Drivers/STM32H7xx_HAL_Driver/Src/stm32h7xx_hal_uart_ex.o
 .rodata.denominator.0
                0x0800db4c        0x8 ./Drivers/STM32H7xx_HAL_Driver/Src/stm32h7xx_hal_uart_ex.o
                0x0800db54                        . = ALIGN (0x4)

.ARM.extab
 *(.ARM.extab* .gnu.linkonce.armextab.*)

.ARM            0x0800db54        0x8
                0x0800db54                        __exidx_start = .
 *(.ARM.exidx*)
 .ARM.exidx     0x0800db54        0x8 D:/programs/STM32CubeIDE/STM32CubeIDE/plugins/com.st.stm32cube.ide.mcu.externaltools.gnu-tools-for-stm32.12.3.rel1.win32_1.0.100.202403111256/tools/bin/../lib/gcc/arm-none-eabi/12.3.1/thumb/v7e-m+dp/hard\libgcc.a(_udivmoddi4.o)
                0x0800db5c                        __exidx_end = .

.preinit_array  0x0800db5c        0x0
                0x0800db5c                        PROVIDE (__preinit_array_start = .)
 *(.preinit_array*)
                0x0800db5c                        PROVIDE (__preinit_array_end = .)

.init_array     0x0800db5c        0x4
                0x0800db5c                        PROVIDE (__init_array_start = .)
 *(SORT_BY_NAME(.init_array.*))
 *(.init_array*)
 .init_array    0x0800db5c        0x4 D:/programs/STM32CubeIDE/STM32CubeIDE/plugins/com.st.stm32cube.ide.mcu.externaltools.gnu-tools-for-stm32.12.3.rel1.win32_1.0.100.202403111256/tools/bin/../lib/gcc/arm-none-eabi/12.3.1/thumb/v7e-m+dp/hard/crtbegin.o
                0x0800db60                        PROVIDE (__init_array_end = .)

.fini_array     0x0800db60        0x4
                [!provide]                        PROVIDE (__fini_array_start = .)
 *(SORT_BY_NAME(.fini_array.*))
 *(.fini_array*)
 .fini_array    0x0800db60        0x4 D:/programs/STM32CubeIDE/STM32CubeIDE/plugins/com.st.stm32cube.ide.mcu.externaltools.gnu-tools-for-stm32.12.3.rel1.win32_1.0.100.202403111256/tools/bin/../lib/gcc/arm-none-eabi/12.3.1/thumb/v7e-m+dp/hard/crtbegin.o
                [!provide]                        PROVIDE (__fini_array_end = .)
                0x0800db64                        _sidata = LOADADDR (.data)

.rel.dyn        0x0800db64        0x0
 .rel.iplt      0x0800db64        0x0 D:/programs/STM32CubeIDE/STM32CubeIDE/plugins/com.st.stm32cube.ide.mcu.externaltools.gnu-tools-for-stm32.12.3.rel1.win32_1.0.100.202403111256/tools/bin/../lib/gcc/arm-none-eabi/12.3.1/thumb/v7e-m+dp/hard/crtbegin.o

.data           0x24000000       0x64 load address 0x0800db64
                0x24000000                        . = ALIGN (0x4)
                0x24000000                        _sdata = .
 *(.data)
 *(.data*)
 .data.SystemCoreClock
                0x24000000        0x4 ./Core/Src/system_stm32h7xx.o
                0x24000000                SystemCoreClock
 .data.SystemD2Clock
                0x24000004        0x4 ./Core/Src/system_stm32h7xx.o
                0x24000004                SystemD2Clock
 .data.uwTickPrio
                0x24000008        0x4 ./Drivers/STM32H7xx_HAL_Driver/Src/stm32h7xx_hal.o
                0x24000008                uwTickPrio
 .data.uwTickFreq
                0x2400000c        0x1 ./Drivers/STM32H7xx_HAL_Driver/Src/stm32h7xx_hal.o
                0x2400000c                uwTickFreq
 *fill*         0x2400000d        0x3 
 .data.uxCriticalNesting
                0x24000010        0x4 ./Middlewares/Third_Party/FreeRTOS/Source/portable/GCC/ARM_CM4F/port.o
 .data._impure_ptr
                0x24000014        0x4 D:/programs/STM32CubeIDE/STM32CubeIDE/plugins/com.st.stm32cube.ide.mcu.externaltools.gnu-tools-for-stm32.12.3.rel1.win32_1.0.100.202403111256/tools/bin/../lib/gcc/arm-none-eabi/12.3.1/../../../../arm-none-eabi/lib/thumb/v7e-m+dp/hard\libc_nano.a(libc_a-impure.o)
                0x24000014                _impure_ptr
 .data._impure_data
                0x24000018       0x4c D:/programs/STM32CubeIDE/STM32CubeIDE/plugins/com.st.stm32cube.ide.mcu.externaltools.gnu-tools-for-stm32.12.3.rel1.win32_1.0.100.202403111256/tools/bin/../lib/gcc/arm-none-eabi/12.3.1/../../../../arm-none-eabi/lib/thumb/v7e-m+dp/hard\libc_nano.a(libc_a-impure.o)
                0x24000018                _impure_data
 *(.RamFunc)
 *(.RamFunc*)
                0x24000064                        . = ALIGN (0x4)
                0x24000064                        _edata = .

.igot.plt       0x24000064        0x0 load address 0x0800dbc8
 .igot.plt      0x24000064        0x0 D:/programs/STM32CubeIDE/STM32CubeIDE/plugins/com.st.stm32cube.ide.mcu.externaltools.gnu-tools-for-stm32.12.3.rel1.win32_1.0.100.202403111256/tools/bin/../lib/gcc/arm-none-eabi/12.3.1/thumb/v7e-m+dp/hard/crtbegin.o
                0x24000064                        . = ALIGN (0x4)

.bss            0x24000064    0x214d4 load address 0x0800dbc8
                0x24000064                        _sbss = .
                0x24000064                        __bss_start__ = _sbss
 *(.bss)
 .bss           0x24000064       0x1c D:/programs/STM32CubeIDE/STM32CubeIDE/plugins/com.st.stm32cube.ide.mcu.externaltools.gnu-tools-for-stm32.12.3.rel1.win32_1.0.100.202403111256/tools/bin/../lib/gcc/arm-none-eabi/12.3.1/thumb/v7e-m+dp/hard/crtbegin.o
 *(.bss*)
 .bss.SpiTxRxTaskHandle
                0x24000080        0x4 ./Core/Src/bridge.o
                0x24000080                SpiTxRxTaskHandle
 .bss.UsartTxRxTaskHandle
                0x24000084        0x4 ./Core/Src/bridge.o
                0x24000084                UsartTxRxTaskHandle
 .bss.spi_buffer_notification
                0x24000088        0x4 ./Core/Src/bridge.o
                0x24000088                spi_buffer_notification
 .bss.usart_buffer_notification
                0x2400008c        0x4 ./Core/Src/bridge.o
                0x2400008c                usart_buffer_notification
 .bss.spi_to_usart_queue
                0x24000090        0x4 ./Core/Src/bridge.o
                0x24000090                spi_to_usart_queue
 .bss.usart_to_spi_queue
                0x24000094        0x4 ./Core/Src/bridge.o
                0x24000094                usart_to_spi_queue
 .bss.spi_tx_ready
                0x24000098        0x1 ./Core/Src/bridge.o
                0x24000098                spi_tx_ready
 .bss.usart_tx_ready
                0x24000099        0x1 ./Core/Src/bridge.o
                0x24000099                usart_tx_ready
 *fill*         0x2400009a        0x2 
 .bss.spi_rx_buffer
                0x2400009c      0x100 ./Core/Src/bridge.o
                0x2400009c                spi_rx_buffer
 .bss.usart_rx_buffer
                0x2400019c      0x100 ./Core/Src/bridge.o
                0x2400019c                usart_rx_buffer
 .bss.hspi1     0x2400029c       0x88 ./Core/Src/main.o
                0x2400029c                hspi1
 .bss.hdma_spi1_rx
                0x24000324       0x78 ./Core/Src/main.o
                0x24000324                hdma_spi1_rx
 .bss.hdma_spi1_tx
                0x2400039c       0x78 ./Core/Src/main.o
                0x2400039c                hdma_spi1_tx
 .bss.huart1    0x24000414       0x94 ./Core/Src/main.o
                0x24000414                huart1
 .bss.hdma_usart1_rx
                0x240004a8       0x78 ./Core/Src/main.o
                0x240004a8                hdma_usart1_rx
 .bss.hdma_usart1_tx
                0x24000520       0x78 ./Core/Src/main.o
                0x24000520                hdma_usart1_tx
 .bss.defaultTaskHandle
                0x24000598        0x4 ./Core/Src/main.o
                0x24000598                defaultTaskHandle
 .bss.htim14    0x2400059c       0x4c ./Core/Src/stm32h7xx_hal_timebase_tim.o
                0x2400059c                htim14
 .bss.uwTick    0x240005e8        0x4 ./Drivers/STM32H7xx_HAL_Driver/Src/stm32h7xx_hal.o
                0x240005e8                uwTick
 .bss.KernelState
                0x240005ec        0x4 ./Middlewares/Third_Party/FreeRTOS/Source/CMSIS_RTOS_V2/cmsis_os2.o
 .bss.Idle_TCB.3
                0x240005f0       0xb8 ./Middlewares/Third_Party/FreeRTOS/Source/CMSIS_RTOS_V2/cmsis_os2.o
 .bss.Idle_Stack.2
                0x240006a8      0x200 ./Middlewares/Third_Party/FreeRTOS/Source/CMSIS_RTOS_V2/cmsis_os2.o
 .bss.Timer_TCB.1
                0x240008a8       0xb8 ./Middlewares/Third_Party/FreeRTOS/Source/CMSIS_RTOS_V2/cmsis_os2.o
 .bss.Timer_Stack.0
                0x24000960      0x400 ./Middlewares/Third_Party/FreeRTOS/Source/CMSIS_RTOS_V2/cmsis_os2.o
 .bss.xQueueRegistry
                0x24000d60       0x40 ./Middlewares/Third_Party/FreeRTOS/Source/queue.o
                0x24000d60                xQueueRegistry
 .bss.pxCurrentTCB
                0x24000da0        0x4 ./Middlewares/Third_Party/FreeRTOS/Source/tasks.o
                0x24000da0                pxCurrentTCB
 .bss.pxReadyTasksLists
                0x24000da4      0x460 ./Middlewares/Third_Party/FreeRTOS/Source/tasks.o
 .bss.xDelayedTaskList1
                0x24001204       0x14 ./Middlewares/Third_Party/FreeRTOS/Source/tasks.o
 .bss.xDelayedTaskList2
                0x24001218       0x14 ./Middlewares/Third_Party/FreeRTOS/Source/tasks.o
 .bss.pxDelayedTaskList
                0x2400122c        0x4 ./Middlewares/Third_Party/FreeRTOS/Source/tasks.o
 .bss.pxOverflowDelayedTaskList
                0x24001230        0x4 ./Middlewares/Third_Party/FreeRTOS/Source/tasks.o
 .bss.xPendingReadyList
                0x24001234       0x14 ./Middlewares/Third_Party/FreeRTOS/Source/tasks.o
 .bss.xTasksWaitingTermination
                0x24001248       0x14 ./Middlewares/Third_Party/FreeRTOS/Source/tasks.o
 .bss.uxDeletedTasksWaitingCleanUp
                0x2400125c        0x4 ./Middlewares/Third_Party/FreeRTOS/Source/tasks.o
 .bss.xSuspendedTaskList
                0x24001260       0x14 ./Middlewares/Third_Party/FreeRTOS/Source/tasks.o
 .bss.uxCurrentNumberOfTasks
                0x24001274        0x4 ./Middlewares/Third_Party/FreeRTOS/Source/tasks.o
 .bss.xTickCount
                0x24001278        0x4 ./Middlewares/Third_Party/FreeRTOS/Source/tasks.o
 .bss.uxTopReadyPriority
                0x2400127c        0x4 ./Middlewares/Third_Party/FreeRTOS/Source/tasks.o
 .bss.xSchedulerRunning
                0x24001280        0x4 ./Middlewares/Third_Party/FreeRTOS/Source/tasks.o
 .bss.xPendedTicks
                0x24001284        0x4 ./Middlewares/Third_Party/FreeRTOS/Source/tasks.o
 .bss.xYieldPending
                0x24001288        0x4 ./Middlewares/Third_Party/FreeRTOS/Source/tasks.o
 .bss.xNumOfOverflows
                0x2400128c        0x4 ./Middlewares/Third_Party/FreeRTOS/Source/tasks.o
 .bss.uxTaskNumber
                0x24001290        0x4 ./Middlewares/Third_Party/FreeRTOS/Source/tasks.o
 .bss.xNextTaskUnblockTime
                0x24001294        0x4 ./Middlewares/Third_Party/FreeRTOS/Source/tasks.o
 .bss.xIdleTaskHandle
                0x24001298        0x4 ./Middlewares/Third_Party/FreeRTOS/Source/tasks.o
 .bss.uxSchedulerSuspended
                0x2400129c        0x4 ./Middlewares/Third_Party/FreeRTOS/Source/tasks.o
 .bss.xActiveTimerList1
                0x240012a0       0x14 ./Middlewares/Third_Party/FreeRTOS/Source/timers.o
 .bss.xActiveTimerList2
                0x240012b4       0x14 ./Middlewares/Third_Party/FreeRTOS/Source/timers.o
 .bss.pxCurrentTimerList
                0x240012c8        0x4 ./Middlewares/Third_Party/FreeRTOS/Source/timers.o
 .bss.pxOverflowTimerList
                0x240012cc        0x4 ./Middlewares/Third_Party/FreeRTOS/Source/timers.o
 .bss.xTimerQueue
                0x240012d0        0x4 ./Middlewares/Third_Party/FreeRTOS/Source/timers.o
 .bss.xTimerTaskHandle
                0x240012d4        0x4 ./Middlewares/Third_Party/FreeRTOS/Source/timers.o
 .bss.xLastTime.2
                0x240012d8        0x4 ./Middlewares/Third_Party/FreeRTOS/Source/timers.o
 .bss.ucStaticTimerQueueStorage.1
                0x240012dc       0xa0 ./Middlewares/Third_Party/FreeRTOS/Source/timers.o
 .bss.xStaticTimerQueue.0
                0x2400137c       0x54 ./Middlewares/Third_Party/FreeRTOS/Source/timers.o
 .bss.ucMaxSysCallPriority
                0x240013d0        0x1 ./Middlewares/Third_Party/FreeRTOS/Source/portable/GCC/ARM_CM4F/port.o
 *fill*         0x240013d1        0x3 
 .bss.ulMaxPRIGROUPValue
                0x240013d4        0x4 ./Middlewares/Third_Party/FreeRTOS/Source/portable/GCC/ARM_CM4F/port.o
 .bss.ucHeap    0x240013d8    0x20000 ./Middlewares/Third_Party/FreeRTOS/Source/portable/MemMang/heap_4.o
 .bss.xStart    0x240213d8        0x8 ./Middlewares/Third_Party/FreeRTOS/Source/portable/MemMang/heap_4.o
 .bss.pxEnd     0x240213e0        0x4 ./Middlewares/Third_Party/FreeRTOS/Source/portable/MemMang/heap_4.o
 .bss.xFreeBytesRemaining
                0x240213e4        0x4 ./Middlewares/Third_Party/FreeRTOS/Source/portable/MemMang/heap_4.o
 .bss.xMinimumEverFreeBytesRemaining
                0x240213e8        0x4 ./Middlewares/Third_Party/FreeRTOS/Source/portable/MemMang/heap_4.o
 .bss.xNumberOfSuccessfulAllocations
                0x240213ec        0x4 ./Middlewares/Third_Party/FreeRTOS/Source/portable/MemMang/heap_4.o
 .bss.xNumberOfSuccessfulFrees
                0x240213f0        0x4 ./Middlewares/Third_Party/FreeRTOS/Source/portable/MemMang/heap_4.o
 .bss.xBlockAllocatedBit
                0x240213f4        0x4 ./Middlewares/Third_Party/FreeRTOS/Source/portable/MemMang/heap_4.o
 .bss.__sf      0x240213f8      0x138 D:/programs/STM32CubeIDE/STM32CubeIDE/plugins/com.st.stm32cube.ide.mcu.externaltools.gnu-tools-for-stm32.12.3.rel1.win32_1.0.100.202403111256/tools/bin/../lib/gcc/arm-none-eabi/12.3.1/../../../../arm-none-eabi/lib/thumb/v7e-m+dp/hard\libc_nano.a(libc_a-findfp.o)
                0x240213f8                __sf
 .bss.__lock___malloc_recursive_mutex
                0x24021530        0x1 D:/programs/STM32CubeIDE/STM32CubeIDE/plugins/com.st.stm32cube.ide.mcu.externaltools.gnu-tools-for-stm32.12.3.rel1.win32_1.0.100.202403111256/tools/bin/../lib/gcc/arm-none-eabi/12.3.1/../../../../arm-none-eabi/lib/thumb/v7e-m+dp/hard\libc_nano.a(libc_a-lock.o)
                0x24021530                __lock___malloc_recursive_mutex
 *fill*         0x24021531        0x3 
 .bss.__malloc_free_list
                0x24021534        0x4 D:/programs/STM32CubeIDE/STM32CubeIDE/plugins/com.st.stm32cube.ide.mcu.externaltools.gnu-tools-for-stm32.12.3.rel1.win32_1.0.100.202403111256/tools/bin/../lib/gcc/arm-none-eabi/12.3.1/../../../../arm-none-eabi/lib/thumb/v7e-m+dp/hard\libc_nano.a(libc_a-mallocr.o)
                0x24021534                __malloc_free_list
 *(COMMON)
                0x24021538                        . = ALIGN (0x4)
                0x24021538                        _ebss = .
                0x24021538                        __bss_end__ = _ebss

._user_heap_stack
                0x24021538      0x600 load address 0x0800dbc8
                0x24021538                        . = ALIGN (0x8)
                [!provide]                        PROVIDE (end = .)
                0x24021538                        PROVIDE (_end = .)
                0x24021738                        . = (. + _Min_Heap_Size)
 *fill*         0x24021538      0x200 
                0x24021b38                        . = (. + _Min_Stack_Size)
 *fill*         0x24021738      0x400 
                0x24021b38                        . = ALIGN (0x8)

/DISCARD/
 libc.a(*)
 libm.a(*)
 libgcc.a(*)

.ARM.attributes
                0x00000000       0x2e
 *(.ARM.attributes)
 .ARM.attributes
                0x00000000       0x20 D:/programs/STM32CubeIDE/STM32CubeIDE/plugins/com.st.stm32cube.ide.mcu.externaltools.gnu-tools-for-stm32.12.3.rel1.win32_1.0.100.202403111256/tools/bin/../lib/gcc/arm-none-eabi/12.3.1/thumb/v7e-m+dp/hard/crti.o
 .ARM.attributes
                0x00000020       0x32 D:/programs/STM32CubeIDE/STM32CubeIDE/plugins/com.st.stm32cube.ide.mcu.externaltools.gnu-tools-for-stm32.12.3.rel1.win32_1.0.100.202403111256/tools/bin/../lib/gcc/arm-none-eabi/12.3.1/thumb/v7e-m+dp/hard/crtbegin.o
 .ARM.attributes
                0x00000052       0x32 ./Core/Src/bridge.o
 .ARM.attributes
                0x00000084       0x32 ./Core/Src/main.o
 .ARM.attributes
                0x000000b6       0x32 ./Core/Src/stm32h7xx_hal_msp.o
 .ARM.attributes
                0x000000e8       0x32 ./Core/Src/stm32h7xx_hal_timebase_tim.o
 .ARM.attributes
                0x0000011a       0x32 ./Core/Src/stm32h7xx_it.o
 .ARM.attributes
                0x0000014c       0x32 ./Core/Src/system_stm32h7xx.o
 .ARM.attributes
                0x0000017e       0x21 ./Core/Startup/startup_stm32h735vgtx.o
 .ARM.attributes
                0x0000019f       0x32 ./Drivers/STM32H7xx_HAL_Driver/Src/stm32h7xx_hal.o
 .ARM.attributes
                0x000001d1       0x32 ./Drivers/STM32H7xx_HAL_Driver/Src/stm32h7xx_hal_cortex.o
 .ARM.attributes
                0x00000203       0x32 ./Drivers/STM32H7xx_HAL_Driver/Src/stm32h7xx_hal_dma.o
 .ARM.attributes
                0x00000235       0x32 ./Drivers/STM32H7xx_HAL_Driver/Src/stm32h7xx_hal_gpio.o
 .ARM.attributes
                0x00000267       0x32 ./Drivers/STM32H7xx_HAL_Driver/Src/stm32h7xx_hal_pwr_ex.o
 .ARM.attributes
                0x00000299       0x32 ./Drivers/STM32H7xx_HAL_Driver/Src/stm32h7xx_hal_rcc.o
 .ARM.attributes
                0x000002cb       0x32 ./Drivers/STM32H7xx_HAL_Driver/Src/stm32h7xx_hal_rcc_ex.o
 .ARM.attributes
                0x000002fd       0x32 ./Drivers/STM32H7xx_HAL_Driver/Src/stm32h7xx_hal_spi.o
 .ARM.attributes
                0x0000032f       0x32 ./Drivers/STM32H7xx_HAL_Driver/Src/stm32h7xx_hal_tim.o
 .ARM.attributes
                0x00000361       0x32 ./Drivers/STM32H7xx_HAL_Driver/Src/stm32h7xx_hal_tim_ex.o
 .ARM.attributes
                0x00000393       0x32 ./Drivers/STM32H7xx_HAL_Driver/Src/stm32h7xx_hal_uart.o
 .ARM.attributes
                0x000003c5       0x32 ./Drivers/STM32H7xx_HAL_Driver/Src/stm32h7xx_hal_uart_ex.o
 .ARM.attributes
                0x000003f7       0x32 ./Middlewares/Third_Party/FreeRTOS/Source/CMSIS_RTOS_V2/cmsis_os2.o
 .ARM.attributes
                0x00000429       0x32 ./Middlewares/Third_Party/FreeRTOS/Source/list.o
 .ARM.attributes
                0x0000045b       0x32 ./Middlewares/Third_Party/FreeRTOS/Source/queue.o
 .ARM.attributes
                0x0000048d       0x32 ./Middlewares/Third_Party/FreeRTOS/Source/tasks.o
 .ARM.attributes
                0x000004bf       0x32 ./Middlewares/Third_Party/FreeRTOS/Source/timers.o
 .ARM.attributes
                0x000004f1       0x32 ./Middlewares/Third_Party/FreeRTOS/Source/portable/GCC/ARM_CM4F/port.o
 .ARM.attributes
                0x00000523       0x32 ./Middlewares/Third_Party/FreeRTOS/Source/portable/MemMang/heap_4.o
 .ARM.attributes
                0x00000555       0x32 D:/programs/STM32CubeIDE/STM32CubeIDE/plugins/com.st.stm32cube.ide.mcu.externaltools.gnu-tools-for-stm32.12.3.rel1.win32_1.0.100.202403111256/tools/bin/../lib/gcc/arm-none-eabi/12.3.1/../../../../arm-none-eabi/lib/thumb/v7e-m+dp/hard\libc_nano.a(libc_a-findfp.o)
 .ARM.attributes
                0x00000587       0x32 D:/programs/STM32CubeIDE/STM32CubeIDE/plugins/com.st.stm32cube.ide.mcu.externaltools.gnu-tools-for-stm32.12.3.rel1.win32_1.0.100.202403111256/tools/bin/../lib/gcc/arm-none-eabi/12.3.1/../../../../arm-none-eabi/lib/thumb/v7e-m+dp/hard\libc_nano.a(libc_a-memset.o)
 .ARM.attributes
                0x000005b9       0x32 D:/programs/STM32CubeIDE/STM32CubeIDE/plugins/com.st.stm32cube.ide.mcu.externaltools.gnu-tools-for-stm32.12.3.rel1.win32_1.0.100.202403111256/tools/bin/../lib/gcc/arm-none-eabi/12.3.1/../../../../arm-none-eabi/lib/thumb/v7e-m+dp/hard\libc_nano.a(libc_a-reent.o)
 .ARM.attributes
                0x000005eb       0x32 D:/programs/STM32CubeIDE/STM32CubeIDE/plugins/com.st.stm32cube.ide.mcu.externaltools.gnu-tools-for-stm32.12.3.rel1.win32_1.0.100.202403111256/tools/bin/../lib/gcc/arm-none-eabi/12.3.1/../../../../arm-none-eabi/lib/thumb/v7e-m+dp/hard\libc_nano.a(libc_a-impure.o)
 .ARM.attributes
                0x0000061d       0x32 D:/programs/STM32CubeIDE/STM32CubeIDE/plugins/com.st.stm32cube.ide.mcu.externaltools.gnu-tools-for-stm32.12.3.rel1.win32_1.0.100.202403111256/tools/bin/../lib/gcc/arm-none-eabi/12.3.1/../../../../arm-none-eabi/lib/thumb/v7e-m+dp/hard\libc_nano.a(libc_a-init.o)
 .ARM.attributes
                0x0000064f       0x32 D:/programs/STM32CubeIDE/STM32CubeIDE/plugins/com.st.stm32cube.ide.mcu.externaltools.gnu-tools-for-stm32.12.3.rel1.win32_1.0.100.202403111256/tools/bin/../lib/gcc/arm-none-eabi/12.3.1/../../../../arm-none-eabi/lib/thumb/v7e-m+dp/hard\libc_nano.a(libc_a-lock.o)
 .ARM.attributes
                0x00000681       0x32 D:/programs/STM32CubeIDE/STM32CubeIDE/plugins/com.st.stm32cube.ide.mcu.externaltools.gnu-tools-for-stm32.12.3.rel1.win32_1.0.100.202403111256/tools/bin/../lib/gcc/arm-none-eabi/12.3.1/../../../../arm-none-eabi/lib/thumb/v7e-m+dp/hard\libc_nano.a(libc_a-memcpy-stub.o)
 .ARM.attributes
                0x000006b3       0x32 D:/programs/STM32CubeIDE/STM32CubeIDE/plugins/com.st.stm32cube.ide.mcu.externaltools.gnu-tools-for-stm32.12.3.rel1.win32_1.0.100.202403111256/tools/bin/../lib/gcc/arm-none-eabi/12.3.1/../../../../arm-none-eabi/lib/thumb/v7e-m+dp/hard\libc_nano.a(libc_a-freer.o)
 .ARM.attributes
                0x000006e5       0x32 D:/programs/STM32CubeIDE/STM32CubeIDE/plugins/com.st.stm32cube.ide.mcu.externaltools.gnu-tools-for-stm32.12.3.rel1.win32_1.0.100.202403111256/tools/bin/../lib/gcc/arm-none-eabi/12.3.1/../../../../arm-none-eabi/lib/thumb/v7e-m+dp/hard\libc_nano.a(libc_a-mallocr.o)
 .ARM.attributes
                0x00000717       0x32 D:/programs/STM32CubeIDE/STM32CubeIDE/plugins/com.st.stm32cube.ide.mcu.externaltools.gnu-tools-for-stm32.12.3.rel1.win32_1.0.100.202403111256/tools/bin/../lib/gcc/arm-none-eabi/12.3.1/../../../../arm-none-eabi/lib/thumb/v7e-m+dp/hard\libc_nano.a(libc_a-mlock.o)
 .ARM.attributes
                0x00000749       0x20 D:/programs/STM32CubeIDE/STM32CubeIDE/plugins/com.st.stm32cube.ide.mcu.externaltools.gnu-tools-for-stm32.12.3.rel1.win32_1.0.100.202403111256/tools/bin/../lib/gcc/arm-none-eabi/12.3.1/thumb/v7e-m+dp/hard\libgcc.a(_aeabi_uldivmod.o)
 .ARM.attributes
                0x00000769       0x32 D:/programs/STM32CubeIDE/STM32CubeIDE/plugins/com.st.stm32cube.ide.mcu.externaltools.gnu-tools-for-stm32.12.3.rel1.win32_1.0.100.202403111256/tools/bin/../lib/gcc/arm-none-eabi/12.3.1/thumb/v7e-m+dp/hard\libgcc.a(_udivmoddi4.o)
 .ARM.attributes
                0x0000079b       0x20 D:/programs/STM32CubeIDE/STM32CubeIDE/plugins/com.st.stm32cube.ide.mcu.externaltools.gnu-tools-for-stm32.12.3.rel1.win32_1.0.100.202403111256/tools/bin/../lib/gcc/arm-none-eabi/12.3.1/thumb/v7e-m+dp/hard\libgcc.a(_dvmd_tls.o)
 .ARM.attributes
                0x000007bb       0x20 D:/programs/STM32CubeIDE/STM32CubeIDE/plugins/com.st.stm32cube.ide.mcu.externaltools.gnu-tools-for-stm32.12.3.rel1.win32_1.0.100.202403111256/tools/bin/../lib/gcc/arm-none-eabi/12.3.1/thumb/v7e-m+dp/hard/crtn.o
OUTPUT(test_usart_spi_bridge.elf elf32-littlearm)
LOAD linker stubs
LOAD D:/programs/STM32CubeIDE/STM32CubeIDE/plugins/com.st.stm32cube.ide.mcu.externaltools.gnu-tools-for-stm32.12.3.rel1.win32_1.0.100.202403111256/tools/bin/../lib/gcc/arm-none-eabi/12.3.1/../../../../arm-none-eabi/lib/thumb/v7e-m+dp/hard\libc.a
LOAD D:/programs/STM32CubeIDE/STM32CubeIDE/plugins/com.st.stm32cube.ide.mcu.externaltools.gnu-tools-for-stm32.12.3.rel1.win32_1.0.100.202403111256/tools/bin/../lib/gcc/arm-none-eabi/12.3.1/../../../../arm-none-eabi/lib/thumb/v7e-m+dp/hard\libm.a
LOAD D:/programs/STM32CubeIDE/STM32CubeIDE/plugins/com.st.stm32cube.ide.mcu.externaltools.gnu-tools-for-stm32.12.3.rel1.win32_1.0.100.202403111256/tools/bin/../lib/gcc/arm-none-eabi/12.3.1/thumb/v7e-m+dp/hard\libgcc.a

.debug_info     0x00000000    0x2481b
 .debug_info    0x00000000     0x1124 ./Core/Src/bridge.o
 .debug_info    0x00001124     0x2289 ./Core/Src/main.o
 .debug_info    0x000033ad     0x1607 ./Core/Src/stm32h7xx_hal_msp.o
 .debug_info    0x000049b4     0x10af ./Core/Src/stm32h7xx_hal_timebase_tim.o
 .debug_info    0x00005a63     0x100e ./Core/Src/stm32h7xx_it.o
 .debug_info    0x00006a71      0xb2e ./Core/Src/system_stm32h7xx.o
 .debug_info    0x0000759f       0x30 ./Core/Startup/startup_stm32h735vgtx.o
 .debug_info    0x000075cf     0x16aa ./Drivers/STM32H7xx_HAL_Driver/Src/stm32h7xx_hal.o
 .debug_info    0x00008c79     0x10b2 ./Drivers/STM32H7xx_HAL_Driver/Src/stm32h7xx_hal_cortex.o
 .debug_info    0x00009d2b      0xb67 ./Drivers/STM32H7xx_HAL_Driver/Src/stm32h7xx_hal_dma.o
 .debug_info    0x0000a892      0xc5c ./Drivers/STM32H7xx_HAL_Driver/Src/stm32h7xx_hal_gpio.o
 .debug_info    0x0000b4ee      0xdc4 ./Drivers/STM32H7xx_HAL_Driver/Src/stm32h7xx_hal_pwr_ex.o
 .debug_info    0x0000c2b2      0xd73 ./Drivers/STM32H7xx_HAL_Driver/Src/stm32h7xx_hal_rcc.o
 .debug_info    0x0000d025     0x11fc ./Drivers/STM32H7xx_HAL_Driver/Src/stm32h7xx_hal_rcc_ex.o
 .debug_info    0x0000e221     0x1440 ./Drivers/STM32H7xx_HAL_Driver/Src/stm32h7xx_hal_spi.o
 .debug_info    0x0000f661     0x2bae ./Drivers/STM32H7xx_HAL_Driver/Src/stm32h7xx_hal_tim.o
 .debug_info    0x0001220f     0x18c1 ./Drivers/STM32H7xx_HAL_Driver/Src/stm32h7xx_hal_tim_ex.o
 .debug_info    0x00013ad0     0x4b13 ./Drivers/STM32H7xx_HAL_Driver/Src/stm32h7xx_hal_uart.o
 .debug_info    0x000185e3      0xfbf ./Drivers/STM32H7xx_HAL_Driver/Src/stm32h7xx_hal_uart_ex.o
 .debug_info    0x000195a2     0x4437 ./Middlewares/Third_Party/FreeRTOS/Source/CMSIS_RTOS_V2/cmsis_os2.o
 .debug_info    0x0001d9d9      0x2af ./Middlewares/Third_Party/FreeRTOS/Source/list.o
 .debug_info    0x0001dc88     0x1dbf ./Middlewares/Third_Party/FreeRTOS/Source/queue.o
 .debug_info    0x0001fa47     0x28c1 ./Middlewares/Third_Party/FreeRTOS/Source/tasks.o
 .debug_info    0x00022308     0x1b5e ./Middlewares/Third_Party/FreeRTOS/Source/timers.o
 .debug_info    0x00023e66      0x4de ./Middlewares/Third_Party/FreeRTOS/Source/portable/GCC/ARM_CM4F/port.o
 .debug_info    0x00024344      0x4d7 ./Middlewares/Third_Party/FreeRTOS/Source/portable/MemMang/heap_4.o

.debug_abbrev   0x00000000     0x4209
 .debug_abbrev  0x00000000      0x21b ./Core/Src/bridge.o
 .debug_abbrev  0x0000021b      0x32c ./Core/Src/main.o
 .debug_abbrev  0x00000547      0x250 ./Core/Src/stm32h7xx_hal_msp.o
 .debug_abbrev  0x00000797      0x212 ./Core/Src/stm32h7xx_hal_timebase_tim.o
 .debug_abbrev  0x000009a9      0x197 ./Core/Src/stm32h7xx_it.o
 .debug_abbrev  0x00000b40      0x13a ./Core/Src/system_stm32h7xx.o
 .debug_abbrev  0x00000c7a       0x24 ./Core/Startup/startup_stm32h735vgtx.o
 .debug_abbrev  0x00000c9e      0x29e ./Drivers/STM32H7xx_HAL_Driver/Src/stm32h7xx_hal.o
 .debug_abbrev  0x00000f3c      0x339 ./Drivers/STM32H7xx_HAL_Driver/Src/stm32h7xx_hal_cortex.o
 .debug_abbrev  0x00001275      0x248 ./Drivers/STM32H7xx_HAL_Driver/Src/stm32h7xx_hal_dma.o
 .debug_abbrev  0x000014bd      0x1fe ./Drivers/STM32H7xx_HAL_Driver/Src/stm32h7xx_hal_gpio.o
 .debug_abbrev  0x000016bb      0x295 ./Drivers/STM32H7xx_HAL_Driver/Src/stm32h7xx_hal_pwr_ex.o
 .debug_abbrev  0x00001950      0x2b1 ./Drivers/STM32H7xx_HAL_Driver/Src/stm32h7xx_hal_rcc.o
 .debug_abbrev  0x00001c01      0x269 ./Drivers/STM32H7xx_HAL_Driver/Src/stm32h7xx_hal_rcc_ex.o
 .debug_abbrev  0x00001e6a      0x2b1 ./Drivers/STM32H7xx_HAL_Driver/Src/stm32h7xx_hal_spi.o
 .debug_abbrev  0x0000211b      0x276 ./Drivers/STM32H7xx_HAL_Driver/Src/stm32h7xx_hal_tim.o
 .debug_abbrev  0x00002391      0x296 ./Drivers/STM32H7xx_HAL_Driver/Src/stm32h7xx_hal_tim_ex.o
 .debug_abbrev  0x00002627      0x33d ./Drivers/STM32H7xx_HAL_Driver/Src/stm32h7xx_hal_uart.o
 .debug_abbrev  0x00002964      0x2d2 ./Drivers/STM32H7xx_HAL_Driver/Src/stm32h7xx_hal_uart_ex.o
 .debug_abbrev  0x00002c36      0x54a ./Middlewares/Third_Party/FreeRTOS/Source/CMSIS_RTOS_V2/cmsis_os2.o
 .debug_abbrev  0x00003180       0xf5 ./Middlewares/Third_Party/FreeRTOS/Source/list.o
 .debug_abbrev  0x00003275      0x3b5 ./Middlewares/Third_Party/FreeRTOS/Source/queue.o
 .debug_abbrev  0x0000362a      0x3fe ./Middlewares/Third_Party/FreeRTOS/Source/tasks.o
 .debug_abbrev  0x00003a28      0x368 ./Middlewares/Third_Party/FreeRTOS/Source/timers.o
 .debug_abbrev  0x00003d90      0x25c ./Middlewares/Third_Party/FreeRTOS/Source/portable/GCC/ARM_CM4F/port.o
 .debug_abbrev  0x00003fec      0x21d ./Middlewares/Third_Party/FreeRTOS/Source/portable/MemMang/heap_4.o

.debug_aranges  0x00000000     0x1b28
 .debug_aranges
                0x00000000       0x68 ./Core/Src/bridge.o
 .debug_aranges
                0x00000068       0x70 ./Core/Src/main.o
 .debug_aranges
                0x000000d8       0x40 ./Core/Src/stm32h7xx_hal_msp.o
 .debug_aranges
                0x00000118       0x30 ./Core/Src/stm32h7xx_hal_timebase_tim.o
 .debug_aranges
                0x00000148       0x80 ./Core/Src/stm32h7xx_it.o
 .debug_aranges
                0x000001c8       0x28 ./Core/Src/system_stm32h7xx.o
 .debug_aranges
                0x000001f0       0x28 ./Core/Startup/startup_stm32h735vgtx.o
 .debug_aranges
                0x00000218      0x1c8 ./Drivers/STM32H7xx_HAL_Driver/Src/stm32h7xx_hal.o
 .debug_aranges
                0x000003e0      0x130 ./Drivers/STM32H7xx_HAL_Driver/Src/stm32h7xx_hal_cortex.o
 .debug_aranges
                0x00000510       0xa0 ./Drivers/STM32H7xx_HAL_Driver/Src/stm32h7xx_hal_dma.o
 .debug_aranges
                0x000005b0       0x58 ./Drivers/STM32H7xx_HAL_Driver/Src/stm32h7xx_hal_gpio.o
 .debug_aranges
                0x00000608      0x148 ./Drivers/STM32H7xx_HAL_Driver/Src/stm32h7xx_hal_pwr_ex.o
 .debug_aranges
                0x00000750       0x88 ./Drivers/STM32H7xx_HAL_Driver/Src/stm32h7xx_hal_rcc.o
 .debug_aranges
                0x000007d8       0xf8 ./Drivers/STM32H7xx_HAL_Driver/Src/stm32h7xx_hal_rcc_ex.o
 .debug_aranges
                0x000008d0      0x1a8 ./Drivers/STM32H7xx_HAL_Driver/Src/stm32h7xx_hal_spi.o
 .debug_aranges
                0x00000a78      0x3e0 ./Drivers/STM32H7xx_HAL_Driver/Src/stm32h7xx_hal_tim.o
 .debug_aranges
                0x00000e58      0x198 ./Drivers/STM32H7xx_HAL_Driver/Src/stm32h7xx_hal_tim_ex.o
 .debug_aranges
                0x00000ff0      0x248 ./Drivers/STM32H7xx_HAL_Driver/Src/stm32h7xx_hal_uart.o
 .debug_aranges
                0x00001238       0xa8 ./Drivers/STM32H7xx_HAL_Driver/Src/stm32h7xx_hal_uart_ex.o
 .debug_aranges
                0x000012e0      0x2b0 ./Middlewares/Third_Party/FreeRTOS/Source/CMSIS_RTOS_V2/cmsis_os2.o
 .debug_aranges
                0x00001590       0x40 ./Middlewares/Third_Party/FreeRTOS/Source/list.o
 .debug_aranges
                0x000015d0      0x188 ./Middlewares/Third_Party/FreeRTOS/Source/queue.o
 .debug_aranges
                0x00001758      0x208 ./Middlewares/Third_Party/FreeRTOS/Source/tasks.o
 .debug_aranges
                0x00001960       0xf0 ./Middlewares/Third_Party/FreeRTOS/Source/timers.o
 .debug_aranges
                0x00001a50       0x80 ./Middlewares/Third_Party/FreeRTOS/Source/portable/GCC/ARM_CM4F/port.o
 .debug_aranges
                0x00001ad0       0x58 ./Middlewares/Third_Party/FreeRTOS/Source/portable/MemMang/heap_4.o

.debug_rnglists
                0x00000000     0x1527
 .debug_rnglists
                0x00000000       0x4d ./Core/Src/bridge.o
 .debug_rnglists
                0x0000004d       0x52 ./Core/Src/main.o
 .debug_rnglists
                0x0000009f       0x2d ./Core/Src/stm32h7xx_hal_msp.o
 .debug_rnglists
                0x000000cc       0x20 ./Core/Src/stm32h7xx_hal_timebase_tim.o
 .debug_rnglists
                0x000000ec       0x5b ./Core/Src/stm32h7xx_it.o
 .debug_rnglists
                0x00000147       0x1b ./Core/Src/system_stm32h7xx.o
 .debug_rnglists
                0x00000162       0x19 ./Core/Startup/startup_stm32h735vgtx.o
 .debug_rnglists
                0x0000017b      0x155 ./Drivers/STM32H7xx_HAL_Driver/Src/stm32h7xx_hal.o
 .debug_rnglists
                0x000002d0       0xe0 ./Drivers/STM32H7xx_HAL_Driver/Src/stm32h7xx_hal_cortex.o
 .debug_rnglists
                0x000003b0       0x82 ./Drivers/STM32H7xx_HAL_Driver/Src/stm32h7xx_hal_dma.o
 .debug_rnglists
                0x00000432       0x3f ./Drivers/STM32H7xx_HAL_Driver/Src/stm32h7xx_hal_gpio.o
 .debug_rnglists
                0x00000471       0xf6 ./Drivers/STM32H7xx_HAL_Driver/Src/stm32h7xx_hal_pwr_ex.o
 .debug_rnglists
                0x00000567       0x68 ./Drivers/STM32H7xx_HAL_Driver/Src/stm32h7xx_hal_rcc.o
 .debug_rnglists
                0x000005cf       0xc0 ./Drivers/STM32H7xx_HAL_Driver/Src/stm32h7xx_hal_rcc_ex.o
 .debug_rnglists
                0x0000068f      0x148 ./Drivers/STM32H7xx_HAL_Driver/Src/stm32h7xx_hal_spi.o
 .debug_rnglists
                0x000007d7      0x328 ./Drivers/STM32H7xx_HAL_Driver/Src/stm32h7xx_hal_tim.o
 .debug_rnglists
                0x00000aff      0x14d ./Drivers/STM32H7xx_HAL_Driver/Src/stm32h7xx_hal_tim_ex.o
 .debug_rnglists
                0x00000c4c      0x1fa ./Drivers/STM32H7xx_HAL_Driver/Src/stm32h7xx_hal_uart.o
 .debug_rnglists
                0x00000e46       0x7f ./Drivers/STM32H7xx_HAL_Driver/Src/stm32h7xx_hal_uart_ex.o
 .debug_rnglists
                0x00000ec5      0x212 ./Middlewares/Third_Party/FreeRTOS/Source/CMSIS_RTOS_V2/cmsis_os2.o
 .debug_rnglists
                0x000010d7       0x2b ./Middlewares/Third_Party/FreeRTOS/Source/list.o
 .debug_rnglists
                0x00001102      0x12e ./Middlewares/Third_Party/FreeRTOS/Source/queue.o
 .debug_rnglists
                0x00001230      0x1a0 ./Middlewares/Third_Party/FreeRTOS/Source/tasks.o
 .debug_rnglists
                0x000013d0       0xb8 ./Middlewares/Third_Party/FreeRTOS/Source/timers.o
 .debug_rnglists
                0x00001488       0x5d ./Middlewares/Third_Party/FreeRTOS/Source/portable/GCC/ARM_CM4F/port.o
 .debug_rnglists
                0x000014e5       0x42 ./Middlewares/Third_Party/FreeRTOS/Source/portable/MemMang/heap_4.o

.debug_macro    0x00000000    0x364a5
 .debug_macro   0x00000000      0x3af ./Core/Src/bridge.o
 .debug_macro   0x000003af      0xacc ./Core/Src/bridge.o
 .debug_macro   0x00000e7b      0x23e ./Core/Src/bridge.o
 .debug_macro   0x000010b9       0x2e ./Core/Src/bridge.o
 .debug_macro   0x000010e7       0x42 ./Core/Src/bridge.o
 .debug_macro   0x00001129       0x22 ./Core/Src/bridge.o
 .debug_macro   0x0000114b       0x8e ./Core/Src/bridge.o
 .debug_macro   0x000011d9       0x51 ./Core/Src/bridge.o
 .debug_macro   0x0000122a      0x103 ./Core/Src/bridge.o
 .debug_macro   0x0000132d       0x6a ./Core/Src/bridge.o
 .debug_macro   0x00001397      0x1df ./Core/Src/bridge.o
 .debug_macro   0x00001576       0x1c ./Core/Src/bridge.o
 .debug_macro   0x00001592       0x22 ./Core/Src/bridge.o
 .debug_macro   0x000015b4       0xfb ./Core/Src/bridge.o
 .debug_macro   0x000016af     0x1305 ./Core/Src/bridge.o
 .debug_macro   0x000029b4      0x11f ./Core/Src/bridge.o
 .debug_macro   0x00002ad3       0x27 ./Core/Src/bridge.o
 .debug_macro   0x00002afa    0x21cf4 ./Core/Src/bridge.o
 .debug_macro   0x000247ee       0x6d ./Core/Src/bridge.o
 .debug_macro   0x0002485b     0x3d64 ./Core/Src/bridge.o
 .debug_macro   0x000285bf      0x189 ./Core/Src/bridge.o
 .debug_macro   0x00028748       0x61 ./Core/Src/bridge.o
 .debug_macro   0x000287a9       0x29 ./Core/Src/bridge.o
 .debug_macro   0x000287d2       0x43 ./Core/Src/bridge.o
 .debug_macro   0x00028815       0x34 ./Core/Src/bridge.o
 .debug_macro   0x00028849       0x16 ./Core/Src/bridge.o
 .debug_macro   0x0002885f       0x43 ./Core/Src/bridge.o
 .debug_macro   0x000288a2       0x34 ./Core/Src/bridge.o
 .debug_macro   0x000288d6       0x10 ./Core/Src/bridge.o
 .debug_macro   0x000288e6       0x58 ./Core/Src/bridge.o
 .debug_macro   0x0002893e       0x8e ./Core/Src/bridge.o
 .debug_macro   0x000289cc       0x1c ./Core/Src/bridge.o
 .debug_macro   0x000289e8      0x177 ./Core/Src/bridge.o
 .debug_macro   0x00028b5f      0x369 ./Core/Src/bridge.o
 .debug_macro   0x00028ec8      0x19b ./Core/Src/bridge.o