../Core/Src/main.c:87:5:main	8	static
../Core/Src/main.c:177:6:SystemClock_Config	120	static
../Core/Src/main.c:235:6:PeriphCommonClock_Config	192	static
../Core/Src/main.c:263:13:MX_SPI1_Init	8	static
../Core/Src/main.c:311:13:MX_USART1_UART_Init	8	static
../Core/Src/main.c:357:13:MX_DMA_Init	16	static
../Core/Src/main.c:384:13:MX_GPIO_Init	24	static
../Core/Src/main.c:409:6:StartDefaultTask	16	static
../Core/Src/main.c:422:6:MPU_Config	24	static
../Core/Src/main.c:457:6:HAL_TIM_PeriodElapsedCallback	16	static
../Core/Src/main.c:474:6:Error_Handler	4	static,ignoring_inline_asm
